Archive member included to satisfy reference by file (symbol)

c:/gcc_toolchain/6_2017-q1-update/bin/../lib/gcc/arm-none-eabi/6.3.1/../../../../arm-none-eabi/lib/thumb/v7e-m/fpv5-sp/hard\libc_nano.a(lib_a-atoi.o)
                              build/netdb.o (atoi)
c:/gcc_toolchain/6_2017-q1-update/bin/../lib/gcc/arm-none-eabi/6.3.1/../../../../arm-none-eabi/lib/thumb/v7e-m/fpv5-sp/hard\libc_nano.a(lib_a-exit.o)
                              c:/gcc_toolchain/6_2017-q1-update/bin/../lib/gcc/arm-none-eabi/6.3.1/../../../../arm-none-eabi/lib/thumb/v7e-m/fpv5-sp/hard/crt0.o (exit)
c:/gcc_toolchain/6_2017-q1-update/bin/../lib/gcc/arm-none-eabi/6.3.1/../../../../arm-none-eabi/lib/thumb/v7e-m/fpv5-sp/hard\libc_nano.a(lib_a-impure.o)
                              c:/gcc_toolchain/6_2017-q1-update/bin/../lib/gcc/arm-none-eabi/6.3.1/../../../../arm-none-eabi/lib/thumb/v7e-m/fpv5-sp/hard\libc_nano.a(lib_a-exit.o) (_global_impure_ptr)
c:/gcc_toolchain/6_2017-q1-update/bin/../lib/gcc/arm-none-eabi/6.3.1/../../../../arm-none-eabi/lib/thumb/v7e-m/fpv5-sp/hard\libc_nano.a(lib_a-init.o)
                              c:/gcc_toolchain/6_2017-q1-update/bin/../lib/gcc/arm-none-eabi/6.3.1/../../../../arm-none-eabi/lib/thumb/v7e-m/fpv5-sp/hard/crt0.o (__libc_init_array)
c:/gcc_toolchain/6_2017-q1-update/bin/../lib/gcc/arm-none-eabi/6.3.1/../../../../arm-none-eabi/lib/thumb/v7e-m/fpv5-sp/hard\libc_nano.a(lib_a-memcmp.o)
                              build/ethernet.o (memcmp)
c:/gcc_toolchain/6_2017-q1-update/bin/../lib/gcc/arm-none-eabi/6.3.1/../../../../arm-none-eabi/lib/thumb/v7e-m/fpv5-sp/hard\libc_nano.a(lib_a-memcpy-stub.o)
                              build/ethernetif.o (memcpy)
c:/gcc_toolchain/6_2017-q1-update/bin/../lib/gcc/arm-none-eabi/6.3.1/../../../../arm-none-eabi/lib/thumb/v7e-m/fpv5-sp/hard\libc_nano.a(lib_a-memset.o)
                              c:/gcc_toolchain/6_2017-q1-update/bin/../lib/gcc/arm-none-eabi/6.3.1/../../../../arm-none-eabi/lib/thumb/v7e-m/fpv5-sp/hard/crt0.o (memset)
c:/gcc_toolchain/6_2017-q1-update/bin/../lib/gcc/arm-none-eabi/6.3.1/../../../../arm-none-eabi/lib/thumb/v7e-m/fpv5-sp/hard\libc_nano.a(lib_a-printf.o)
                              build/ethernetif.o (printf)
c:/gcc_toolchain/6_2017-q1-update/bin/../lib/gcc/arm-none-eabi/6.3.1/../../../../arm-none-eabi/lib/thumb/v7e-m/fpv5-sp/hard\libc_nano.a(lib_a-rand.o)
                              build/dns.o (rand)
c:/gcc_toolchain/6_2017-q1-update/bin/../lib/gcc/arm-none-eabi/6.3.1/../../../../arm-none-eabi/lib/thumb/v7e-m/fpv5-sp/hard\libc_nano.a(lib_a-strlen.o)
                              build/netdb.o (strlen)
c:/gcc_toolchain/6_2017-q1-update/bin/../lib/gcc/arm-none-eabi/6.3.1/../../../../arm-none-eabi/lib/thumb/v7e-m/fpv5-sp/hard\libc_nano.a(lib_a-strncmp.o)
                              build/def.o (strncmp)
c:/gcc_toolchain/6_2017-q1-update/bin/../lib/gcc/arm-none-eabi/6.3.1/../../../../arm-none-eabi/lib/thumb/v7e-m/fpv5-sp/hard\libc_nano.a(lib_a-strncpy.o)
                              build/netdb.o (strncpy)
c:/gcc_toolchain/6_2017-q1-update/bin/../lib/gcc/arm-none-eabi/6.3.1/../../../../arm-none-eabi/lib/thumb/v7e-m/fpv5-sp/hard\libc_nano.a(lib_a-strtol.o)
                              c:/gcc_toolchain/6_2017-q1-update/bin/../lib/gcc/arm-none-eabi/6.3.1/../../../../arm-none-eabi/lib/thumb/v7e-m/fpv5-sp/hard\libc_nano.a(lib_a-atoi.o) (_strtol_r)
c:/gcc_toolchain/6_2017-q1-update/bin/../lib/gcc/arm-none-eabi/6.3.1/../../../../arm-none-eabi/lib/thumb/v7e-m/fpv5-sp/hard\libc_nano.a(lib_a-findfp.o)
                              c:/gcc_toolchain/6_2017-q1-update/bin/../lib/gcc/arm-none-eabi/6.3.1/../../../../arm-none-eabi/lib/thumb/v7e-m/fpv5-sp/hard\libc_nano.a(lib_a-printf.o) (__sinit)
c:/gcc_toolchain/6_2017-q1-update/bin/../lib/gcc/arm-none-eabi/6.3.1/../../../../arm-none-eabi/lib/thumb/v7e-m/fpv5-sp/hard\libc_nano.a(lib_a-fwalk.o)
                              c:/gcc_toolchain/6_2017-q1-update/bin/../lib/gcc/arm-none-eabi/6.3.1/../../../../arm-none-eabi/lib/thumb/v7e-m/fpv5-sp/hard\libc_nano.a(lib_a-findfp.o) (_fwalk)
c:/gcc_toolchain/6_2017-q1-update/bin/../lib/gcc/arm-none-eabi/6.3.1/../../../../arm-none-eabi/lib/thumb/v7e-m/fpv5-sp/hard\libc_nano.a(lib_a-locale.o)
                              c:/gcc_toolchain/6_2017-q1-update/bin/../lib/gcc/arm-none-eabi/6.3.1/../../../../arm-none-eabi/lib/thumb/v7e-m/fpv5-sp/hard\libc_nano.a(lib_a-strtol.o) (__locale_ctype_ptr_l)
c:/gcc_toolchain/6_2017-q1-update/bin/../lib/gcc/arm-none-eabi/6.3.1/../../../../arm-none-eabi/lib/thumb/v7e-m/fpv5-sp/hard\libc_nano.a(lib_a-malloc.o)
                              c:/gcc_toolchain/6_2017-q1-update/bin/../lib/gcc/arm-none-eabi/6.3.1/../../../../arm-none-eabi/lib/thumb/v7e-m/fpv5-sp/hard\libc_nano.a(lib_a-rand.o) (malloc)
c:/gcc_toolchain/6_2017-q1-update/bin/../lib/gcc/arm-none-eabi/6.3.1/../../../../arm-none-eabi/lib/thumb/v7e-m/fpv5-sp/hard\libc_nano.a(lib_a-mbtowc_r.o)
[...]
Memory Configuration

Name             Origin             Length             Attributes
RAM              0x20000000         0x00050000         xrw
FLASH            0x08000000         0x00100000         xr
*default*        0x00000000         0xffffffff

Linker script and memory map

LOAD c:/gcc_toolchain/6_2017-q1-update/bin/../lib/gcc/arm-none-eabi/6.3.1/thumb/v7e-m/fpv5-sp/hard/crti.o
LOAD c:/gcc_toolchain/6_2017-q1-update/bin/../lib/gcc/arm-none-eabi/6.3.1/thumb/v7e-m/fpv5-sp/hard/crtbegin.o
LOAD c:/gcc_toolchain/6_2017-q1-update/bin/../lib/gcc/arm-none-eabi/6.3.1/../../../../arm-none-eabi/lib/thumb/v7e-m/fpv5-sp/hard/crt0.o
LOAD build/main.o
LOAD build/freertos.o
LOAD build/lwip.o
LOAD build/ethernetif.o
LOAD build/syscalls.o
LOAD build/stm32f7xx_it.o
LOAD build/stm32f7xx_hal_msp.o
LOAD build/dbgu.o
LOAD build/term_io.o
LOAD build/stm32f7xx_hal_eth.o
LOAD build/stm32f7xx_hal_cortex.o
LOAD build/stm32f7xx_hal_tim.o
LOAD build/stm32f7xx_hal_tim_ex.o
LOAD build/stm32f7xx_hal_uart.o
LOAD build/stm32f7xx_hal_pcd.o
LOAD build/stm32f7xx_hal_pcd_ex.o
LOAD build/stm32f7xx_ll_usb.o
LOAD build/stm32f7xx_hal_rcc.o
LOAD build/stm32f7xx_hal_rcc_ex.o
LOAD build/stm32f7xx_hal_flash.o
LOAD build/stm32f7xx_hal_flash_ex.o
LOAD build/stm32f7xx_hal_gpio.o
LOAD build/stm32f7xx_hal_dma.o
LOAD build/stm32f7xx_hal_dma_ex.o
LOAD build/stm32f7xx_hal_pwr.o
LOAD build/stm32f7xx_hal_pwr_ex.o
LOAD build/stm32f7xx_hal.o
LOAD build/stm32f7xx_hal_i2c.o
LOAD build/stm32f7xx_hal_i2c_ex.o
LOAD build/system_stm32f7xx.o
LOAD build/heap_4.o
LOAD build/port.o
LOAD build/croutine.o
LOAD build/event_groups.o
LOAD build/list.o
LOAD build/queue.o
LOAD build/tasks.o
LOAD build/timers.o
LOAD build/cmsis_os.o
LOAD build/auth.o
LOAD build/ccp.o
LOAD build/chap_ms.o
LOAD build/chap-md5.o
LOAD build/chap-new.o
LOAD build/demand.o
LOAD build/eap.o
LOAD build/eui64.o
LOAD build/fsm.o
LOAD build/ipcp.o
LOAD build/ipv6cp.o
LOAD build/lcp.o
LOAD build/magic.o
LOAD build/mppe.o
LOAD build/multilink.o
LOAD build/ppp.o
LOAD build/pppapi.o
LOAD build/pppcrypt.o
LOAD build/pppoe.o
LOAD build/pppol2tp.o
LOAD build/pppos.o
LOAD build/upap.o
LOAD build/utils.o
LOAD build/vj.o
LOAD build/ethernet.o
LOAD build/slipif.o
LOAD build/lowpan6.o
LOAD build/ecp.o
LOAD build/api_lib.o
LOAD build/api_msg.o
LOAD build/err.o
LOAD build/netbuf.o
LOAD build/netdb.o
LOAD build/netifapi.o
LOAD build/sockets.o
LOAD build/tcpip.o
LOAD build/def.o
LOAD build/dns.o
LOAD build/inet_chksum.o
LOAD build/init.o
LOAD build/ip.o
LOAD build/mem.o
LOAD build/memp.o
LOAD build/netif.o
LOAD build/pbuf.o
LOAD build/raw.o
LOAD build/stats.o
LOAD build/sys.o
LOAD build/tcp.o
LOAD build/tcp_in.o
LOAD build/tcp_out.o
LOAD build/timeouts.o
LOAD build/udp.o
LOAD build/autoip.o
LOAD build/dhcp.o
LOAD build/etharp.o
LOAD build/icmp.o
LOAD build/igmp.o
LOAD build/ip4.o
LOAD build/ip4_addr.o
LOAD build/ip4_frag.o
LOAD build/dhcp6.o
LOAD build/ethip6.o
LOAD build/icmp6.o
LOAD build/inet6.o
LOAD build/ip6.o
LOAD build/ip6_addr.o
LOAD build/ip6_frag.o
LOAD build/mld6.o
LOAD build/nd6.o
LOAD build/sys_arch.o
LOAD build/mqtt.o
LOAD build/stm32f7xx_hal_timebase_TIM.o
LOAD build/stm32f7xx_hal_rtc.o
LOAD build/stm32f7xx_hal_rtc_ex.o
LOAD build/startup_stm32f746xx.o
LOAD c:/gcc_toolchain/6_2017-q1-update/bin/../lib/gcc/arm-none-eabi/6.3.1/../../../../arm-none-eabi/lib/thumb/v7e-m/fpv5-sp/hard\libc_nano.a
LOAD c:/gcc_toolchain/6_2017-q1-update/bin/../lib/gcc/arm-none-eabi/6.3.1/../../../../arm-none-eabi/lib/thumb/v7e-m/fpv5-sp/hard\libm.a
LOAD c:/gcc_toolchain/6_2017-q1-update/bin/../lib/gcc/arm-none-eabi/6.3.1/../../../../arm-none-eabi/lib/thumb/v7e-m/fpv5-sp/hard\libnosys.a
START GROUP
LOAD c:/gcc_toolchain/6_2017-q1-update/bin/../lib/gcc/arm-none-eabi/6.3.1/thumb/v7e-m/fpv5-sp/hard\libgcc.a
LOAD c:/gcc_toolchain/6_2017-q1-update/bin/../lib/gcc/arm-none-eabi/6.3.1/../../../../arm-none-eabi/lib/thumb/v7e-m/fpv5-sp/hard\libc_nano.a
END GROUP
START GROUP
LOAD c:/gcc_toolchain/6_2017-q1-update/bin/../lib/gcc/arm-none-eabi/6.3.1/thumb/v7e-m/fpv5-sp/hard\libgcc.a
LOAD c:/gcc_toolchain/6_2017-q1-update/bin/../lib/gcc/arm-none-eabi/6.3.1/../../../../arm-none-eabi/lib/thumb/v7e-m/fpv5-sp/hard\libc_nano.a
END GROUP
LOAD c:/gcc_toolchain/6_2017-q1-update/bin/../lib/gcc/arm-none-eabi/6.3.1/thumb/v7e-m/fpv5-sp/hard/crtend.o
LOAD c:/gcc_toolchain/6_2017-q1-update/bin/../lib/gcc/arm-none-eabi/6.3.1/thumb/v7e-m/fpv5-sp/hard/crtn.o
                0x20050000                _estack = 0x20050000
                0x00000200                _Min_Heap_Size = 0x200
                0x00000400                _Min_Stack_Size = 0x400

.isr_vector     0x08000000      0x1c8
                0x08000000                . = ALIGN (0x4)
 *(.isr_vector)
 .isr_vector    0x08000000      0x1c8 build/startup_stm32f746xx.o
                0x08000000                g_pfnVectors
                0x080001c8                . = ALIGN (0x4)

.text           0x080001d0     0xe100
                0x080001d0                . = ALIGN (0x4)
 *(.text)
 .text          0x080001d0       0x6c c:/gcc_toolchain/6_2017-q1-update/bin/../lib/gcc/arm-none-eabi/6.3.1/thumb/v7e-m/fpv5-sp/hard/crtbegin.o
 .text          0x0800023c       0x10 c:/gcc_toolchain/6_2017-q1-update/bin/../lib/gcc/arm-none-eabi/6.3.1/../../../../arm-none-eabi/lib/thumb/v7e-m/fpv5-sp/hard\libc_nano.a(lib_a-strlen.o)
                0x0800023c                strlen
 *fill*         0x0800024c        0x4 
 .text          0x08000250       0xa0 c:/gcc_toolchain/6_2017-q1-update/bin/../lib/gcc/arm-none-eabi/6.3.1/../../../../arm-none-eabi/lib/thumb/v7e-m/fpv5-sp/hard\libc_nano.a(lib_a-memchr.o)
                0x08000250                memchr
 .text          0x080002f0       0x30 c:/gcc_toolchain/6_2017-q1-update/bin/../lib/gcc/arm-none-eabi/6.3.1/thumb/v7e-m/fpv5-sp/hard\libgcc.a(_aeabi_uldivmod.o)
                0x080002f0                __aeabi_uldivmod
 .text          0x08000320      0x2dc c:/gcc_toolchain/6_2017-q1-update/bin/../lib/gcc/arm-none-eabi/6.3.1/thumb/v7e-m/fpv5-sp/hard\libgcc.a(_udivmoddi4.o)
                0x08000320                __udivmoddi4
 .text          0x080005fc        0x4 c:/gcc_toolchain/6_2017-q1-update/bin/../lib/gcc/arm-none-eabi/6.3.1/thumb/v7e-m/fpv5-sp/hard\libgcc.a(_dvmd_tls.o)
                0x080005fc                __aeabi_idiv0
                0x080005fc                __aeabi_ldiv0
 *(.text*)
 .text.MX_GPIO_Init
                0x08000600       0xd8 build/main.o
 .text.__io_putchar
                0x080006d8       0x18 build/main.o
                0x080006d8                __io_putchar
 .text.inkey    0x080006f0       0x20 build/main.o
                0x080006f0                inkey
 .text.StartDefaultTask
                0x08000710       0x94 build/main.o
                0x08000710                StartDefaultTask
 .text.HAL_TIM_PeriodElapsedCallback
                0x080007a4       0x18 build/main.o
                0x080007a4                HAL_TIM_PeriodElapsedCallback
 .text._Error_Handler
                0x080007bc        0x2 build/main.o
                0x080007bc                _Error_Handler
 *fill*         0x080007be        0x2 
 .text.MX_USART3_UART_Init
                0x080007c0       0x40 build/main.o
 .text.MX_USB_OTG_FS_PCD_Init
                0x08000800       0x40 build/main.o
 .text.MX_RTC_Init
                0x08000840       0xa4 build/main.o
 .text.SystemClock_Config
                0x080008e4       0xe8 build/main.o
                0x080008e4                SystemClock_Config
 .text.main     0x080009cc       0x58 build/main.o
                0x080009cc                main
 .text.MX_LWIP_Init
                0x08000a24       0x6c build/lwip.o
                0x08000a24                MX_LWIP_Init
 .text.low_level_input
                0x08000a90       0xdc build/ethernetif.o
 .text.ethernetif_input
                0x08000b6c       0x3c build/ethernetif.o
                0x08000b6c                ethernetif_input
 .text.low_level_output
                0x08000ba8       0xbc build/ethernetif.o
 .text.low_level_init
                0x08000c64      0x120 build/ethernetif.o
 .text.HAL_ETH_MspInit
                0x08000d84       0xcc build/ethernetif.o
                0x08000d84                HAL_ETH_MspInit
 .text.HAL_ETH_RxCpltCallback
                0x08000e50       0x10 build/ethernetif.o
                0x08000e50                HAL_ETH_RxCpltCallback
 .text.ethernetif_init
                0x08000e60       0x48 build/ethernetif.o
                0x08000e60                ethernetif_init
 .text.sys_now  0x08000ea8        0x8 build/ethernetif.o
                0x08000ea8                sys_now
 .text._sbrk    0x08000eb0       0x48 build/syscalls.o
                0x08000eb0                _sbrk
 .text._write   0x08000ef8       0x1c build/syscalls.o
                0x08000ef8                _write
 .text._close   0x08000f14        0x6 build/syscalls.o
                0x08000f14                _close
 .text._fstat   0x08000f1a        0xa build/syscalls.o
                0x08000f1a                _fstat
 .text._isatty  0x08000f24        0x4 build/syscalls.o
                0x08000f24                _isatty
 .text._lseek   0x08000f28        0x4 build/syscalls.o
                0x08000f28                _lseek
 .text._read    0x08000f2c       0x1e build/syscalls.o
                0x08000f2c                _read
 .text.NMI_Handler
                0x08000f4a        0x2 build/stm32f7xx_it.o
                0x08000f4a                NMI_Handler
 .text.HardFault_Handler
                0x08000f4c        0x2 build/stm32f7xx_it.o
                0x08000f4c                HardFault_Handler
 .text.MemManage_Handler
                0x08000f4e        0x2 build/stm32f7xx_it.o
                0x08000f4e                MemManage_Handler
 .text.BusFault_Handler
                0x08000f50        0x2 build/stm32f7xx_it.o
                0x08000f50                BusFault_Handler
 .text.UsageFault_Handler
                0x08000f52        0x2 build/stm32f7xx_it.o
                0x08000f52                UsageFault_Handler
 .text.DebugMon_Handler
                0x08000f54        0x2 build/stm32f7xx_it.o
                0x08000f54                DebugMon_Handler
 .text.SysTick_Handler
                0x08000f56        0x8 build/stm32f7xx_it.o
                0x08000f56                SysTick_Handler
 *fill*         0x08000f5e        0x2 
 .text.TIM1_UP_TIM10_IRQHandler
                0x08000f60       0x10 build/stm32f7xx_it.o
                0x08000f60                TIM1_UP_TIM10_IRQHandler
 .text.ETH_IRQHandler
                0x08000f70       0x10 build/stm32f7xx_it.o
                0x08000f70                ETH_IRQHandler
 .text.HAL_MspInit
                0x08000f80       0x90 build/stm32f7xx_hal_msp.o
                0x08000f80                HAL_MspInit
 .text.HAL_RTC_MspInit
                0x08001010       0x20 build/stm32f7xx_hal_msp.o
                0x08001010                HAL_RTC_MspInit
 .text.HAL_UART_MspInit
                0x08001030       0x50 build/stm32f7xx_hal_msp.o
                0x08001030                HAL_UART_MspInit
 .text.HAL_PCD_MspInit
                0x08001080       0x74 build/stm32f7xx_hal_msp.o
                0x08001080                HAL_PCD_MspInit
 .text.debug_init
                0x080010f4        0xc build/dbgu.o
                0x080010f4                debug_init
 .text.debug_chr
                0x08001100       0x18 build/dbgu.o
                0x08001100                debug_chr
 .text.xputc    0x08001118        0x8 build/term_io.o
                0x08001118                xputc
 .text.xputs    0x08001120       0x14 build/term_io.o
                0x08001120                xputs
 .text.xitoa    0x08001134       0x9c build/term_io.o
                0x08001134                xitoa
 .text.xprintf  0x080011d0       0xec build/term_io.o
                0x080011d0                xprintf
 .text.ETH_MACAddressConfig
                0x080012bc       0x30 build/stm32f7xx_hal_eth.o
 .text.ETH_DMATransmissionEnable
                0x080012ec       0x10 build/stm32f7xx_hal_eth.o
 .text.ETH_DMAReceptionEnable
                0x080012fc       0x10 build/stm32f7xx_hal_eth.o
 .text.ETH_MACDMAConfig
                0x0800130c      0x118 build/stm32f7xx_hal_eth.o
 .text.ETH_MACTransmissionEnable
                0x08001424       0x2a build/stm32f7xx_hal_eth.o
 .text.ETH_MACReceptionEnable
                0x0800144e       0x2a build/stm32f7xx_hal_eth.o
 .text.ETH_FlushTransmitFIFO
                0x08001478       0x2e build/stm32f7xx_hal_eth.o
 .text.HAL_ETH_DMATxDescListInit
                0x080014a6       0x72 build/stm32f7xx_hal_eth.o
                0x080014a6                HAL_ETH_DMATxDescListInit
 .text.HAL_ETH_DMARxDescListInit
                0x08001518       0x6c build/stm32f7xx_hal_eth.o
                0x08001518                HAL_ETH_DMARxDescListInit
 .text.HAL_ETH_TransmitFrame
                0x08001584      0x124 build/stm32f7xx_hal_eth.o
                0x08001584                HAL_ETH_TransmitFrame
 .text.HAL_ETH_GetReceivedFrame_IT
                0x080016a8       0x98 build/stm32f7xx_hal_eth.o
                0x080016a8                HAL_ETH_GetReceivedFrame_IT
 .text.HAL_ETH_TxCpltCallback
                0x08001740        0x2 build/stm32f7xx_hal_eth.o
                0x08001740                HAL_ETH_TxCpltCallback
 .text.HAL_ETH_ErrorCallback
                0x08001742        0x2 build/stm32f7xx_hal_eth.o
                0x08001742                HAL_ETH_ErrorCallback
 .text.HAL_ETH_IRQHandler
                0x08001744       0x8c build/stm32f7xx_hal_eth.o
                0x08001744                HAL_ETH_IRQHandler
 .text.HAL_ETH_ReadPHYRegister
                0x080017d0       0x78 build/stm32f7xx_hal_eth.o
                0x080017d0                HAL_ETH_ReadPHYRegister
 .text.HAL_ETH_WritePHYRegister
                0x08001848       0x74 build/stm32f7xx_hal_eth.o
                0x08001848                HAL_ETH_WritePHYRegister
 .text.HAL_ETH_Init
                0x080018bc      0x254 build/stm32f7xx_hal_eth.o
                0x080018bc                HAL_ETH_Init
 .text.HAL_ETH_Start
                0x08001b10       0x44 build/stm32f7xx_hal_eth.o
                0x08001b10                HAL_ETH_Start
 .text.HAL_NVIC_SetPriorityGrouping
                0x08001b54       0x24 build/stm32f7xx_hal_cortex.o
                0x08001b54                HAL_NVIC_SetPriorityGrouping
 .text.HAL_NVIC_SetPriority
                0x08001b78       0x60 build/stm32f7xx_hal_cortex.o
                0x08001b78                HAL_NVIC_SetPriority
 .text.HAL_NVIC_EnableIRQ
                0x08001bd8       0x18 build/stm32f7xx_hal_cortex.o
                0x08001bd8                HAL_NVIC_EnableIRQ
 .text.HAL_SYSTICK_Config
                0x08001bf0       0x2c build/stm32f7xx_hal_cortex.o
                0x08001bf0                HAL_SYSTICK_Config
 .text.HAL_SYSTICK_CLKSourceConfig
                0x08001c1c       0x20 build/stm32f7xx_hal_cortex.o
                0x08001c1c                HAL_SYSTICK_CLKSourceConfig
 .text.HAL_TIM_Base_MspInit
                0x08001c3c        0x2 build/stm32f7xx_hal_tim.o
                0x08001c3c                HAL_TIM_Base_MspInit
 .text.HAL_TIM_Base_Start_IT
                0x08001c3e       0x18 build/stm32f7xx_hal_tim.o
                0x08001c3e                HAL_TIM_Base_Start_IT
 .text.HAL_TIM_OC_DelayElapsedCallback
                0x08001c56        0x2 build/stm32f7xx_hal_tim.o
                0x08001c56                HAL_TIM_OC_DelayElapsedCallback
 .text.HAL_TIM_IC_CaptureCallback
                0x08001c58        0x2 build/stm32f7xx_hal_tim.o
                0x08001c58                HAL_TIM_IC_CaptureCallback
 .text.HAL_TIM_PWM_PulseFinishedCallback
                0x08001c5a        0x2 build/stm32f7xx_hal_tim.o
                0x08001c5a                HAL_TIM_PWM_PulseFinishedCallback
 .text.HAL_TIM_TriggerCallback
                0x08001c5c        0x2 build/stm32f7xx_hal_tim.o
                0x08001c5c                HAL_TIM_TriggerCallback
 .text.HAL_TIM_IRQHandler
                0x08001c5e      0x19a build/stm32f7xx_hal_tim.o
                0x08001c5e                HAL_TIM_IRQHandler
 .text.TIM_Base_SetConfig
                0x08001df8      0x140 build/stm32f7xx_hal_tim.o
                0x08001df8                TIM_Base_SetConfig
 .text.HAL_TIM_Base_Init
                0x08001f38       0x32 build/stm32f7xx_hal_tim.o
                0x08001f38                HAL_TIM_Base_Init
 .text.HAL_TIMEx_CommutationCallback
                0x08001f6a        0x2 build/stm32f7xx_hal_tim_ex.o
                0x08001f6a                HAL_TIMEx_CommutationCallback
 .text.HAL_TIMEx_BreakCallback
                0x08001f6c        0x2 build/stm32f7xx_hal_tim_ex.o
                0x08001f6c                HAL_TIMEx_BreakCallback
 .text.UART_WaitOnFlagUntilTimeout
                0x08001f6e       0x64 build/stm32f7xx_hal_uart.o
                0x08001f6e                UART_WaitOnFlagUntilTimeout
 *fill*         0x08001fd2        0x2 
 .text.UART_SetConfig
                0x08001fd4      0x360 build/stm32f7xx_hal_uart.o
                0x08001fd4                UART_SetConfig
 .text.UART_AdvFeatureConfig
                0x08002334       0xca build/stm32f7xx_hal_uart.o
                0x08002334                UART_AdvFeatureConfig
 .text.UART_CheckIdleState
                0x080023fe       0x48 build/stm32f7xx_hal_uart.o
                0x080023fe                UART_CheckIdleState
 .text.HAL_UART_Init
                0x08002446       0x68 build/stm32f7xx_hal_uart.o
                0x08002446                HAL_UART_Init
 .text.HAL_PCD_Init
                0x080024ae      0x104 build/stm32f7xx_hal_pcd.o
                0x080024ae                HAL_PCD_Init
 *fill*         0x080025b2        0x2 
 .text.HAL_PCDEx_ActivateLPM
                0x080025b4       0x28 build/stm32f7xx_hal_pcd_ex.o
                0x080025b4                HAL_PCDEx_ActivateLPM
 .text.USB_CoreReset
                0x080025dc       0x3c build/stm32f7xx_ll_usb.o
 .text.USB_CoreInit
                0x08002618       0x7c build/stm32f7xx_ll_usb.o
                0x08002618                USB_CoreInit
 .text.USB_DisableGlobalInt
                0x08002694        0xc build/stm32f7xx_ll_usb.o
                0x08002694                USB_DisableGlobalInt
 .text.USB_SetCurrentMode
                0x080026a0       0x30 build/stm32f7xx_ll_usb.o
                0x080026a0                USB_SetCurrentMode
 .text.USB_FlushTxFifo
                0x080026d0       0x28 build/stm32f7xx_ll_usb.o
                0x080026d0                USB_FlushTxFifo
 .text.USB_FlushRxFifo
                0x080026f8       0x24 build/stm32f7xx_ll_usb.o
                0x080026f8                USB_FlushRxFifo
 .text.USB_SetDevSpeed
                0x0800271c        0xe build/stm32f7xx_ll_usb.o
                0x0800271c                USB_SetDevSpeed
 *fill*         0x0800272a        0x2 
 .text.USB_DevInit
                0x0800272c      0x1a4 build/stm32f7xx_ll_usb.o
                0x0800272c                USB_DevInit
 .text.USB_DevDisconnect
                0x080028d0       0x18 build/stm32f7xx_ll_usb.o
                0x080028d0                USB_DevDisconnect
 .text.HAL_RCC_OscConfig
                0x080028e8      0x3d4 build/stm32f7xx_hal_rcc.o
                0x080028e8                HAL_RCC_OscConfig
 .text.HAL_RCC_GetSysClockFreq
                0x08002cbc       0xd4 build/stm32f7xx_hal_rcc.o
                0x08002cbc                HAL_RCC_GetSysClockFreq
 .text.HAL_RCC_ClockConfig
                0x08002d90      0x164 build/stm32f7xx_hal_rcc.o
                0x08002d90                HAL_RCC_ClockConfig
 .text.HAL_RCC_GetHCLKFreq
                0x08002ef4        0xc build/stm32f7xx_hal_rcc.o
                0x08002ef4                HAL_RCC_GetHCLKFreq
 .text.HAL_RCC_GetPCLK1Freq
                0x08002f00       0x20 build/stm32f7xx_hal_rcc.o
                0x08002f00                HAL_RCC_GetPCLK1Freq
 .text.HAL_RCC_GetPCLK2Freq
                0x08002f20       0x20 build/stm32f7xx_hal_rcc.o
                0x08002f20                HAL_RCC_GetPCLK2Freq
 .text.HAL_RCC_GetClockConfig
                0x08002f40       0x3c build/stm32f7xx_hal_rcc.o
                0x08002f40                HAL_RCC_GetClockConfig
 .text.HAL_RCCEx_PeriphCLKConfig
                0x08002f7c      0x5ac build/stm32f7xx_hal_rcc_ex.o
                0x08002f7c                HAL_RCCEx_PeriphCLKConfig
 .text.HAL_GPIO_Init
                0x08003528      0x1dc build/stm32f7xx_hal_gpio.o
                0x08003528                HAL_GPIO_Init
 .text.HAL_GPIO_WritePin
                0x08003704        0xc build/stm32f7xx_hal_gpio.o
                0x08003704                HAL_GPIO_WritePin
 .text.HAL_Init
                0x08003710       0x16 build/stm32f7xx_hal.o
                0x08003710                HAL_Init
 *fill*         0x08003726        0x2 
 .text.HAL_IncTick
                0x08003728       0x18 build/stm32f7xx_hal.o
                0x08003728                HAL_IncTick
 .text.HAL_GetTick
                0x08003740        0xc build/stm32f7xx_hal.o
                0x08003740                HAL_GetTick
 .text.HAL_Delay
                0x0800374c       0x28 build/stm32f7xx_hal.o
                0x0800374c                HAL_Delay
 .text.SystemInit
                0x08003774       0x50 build/system_stm32f7xx.o
                0x08003774                SystemInit
 .text.prvHeapInit
                0x080037c4       0x64 build/heap_4.o
 .text.prvInsertBlockIntoFreeList
                0x08003828       0x58 build/heap_4.o
 .text.pvPortMalloc
                0x08003880      0x114 build/heap_4.o
                0x08003880                pvPortMalloc
 .text.vPortFree
                0x08003994       0x78 build/heap_4.o
                0x08003994                vPortFree
 .text.prvTaskExitError
                0x08003a0c       0x3c build/port.o
 .text.prvPortStartFirstTask
                0x08003a48       0x20 build/port.o
 .text.vPortEnableVFP
                0x08003a68       0x14 build/port.o
 .text.pxPortInitialiseStack
                0x08003a7c       0x2c build/port.o
                0x08003a7c                pxPortInitialiseStack
 *fill*         0x08003aa8        0x8 
 .text.SVC_Handler
                0x08003ab0       0x24 build/port.o
                0x08003ab0                SVC_Handler
 .text.vPortEnterCritical
                0x08003ad4       0x4c build/port.o
                0x08003ad4                vPortEnterCritical
 .text.vPortExitCritical
                0x08003b20       0x30 build/port.o
                0x08003b20                vPortExitCritical
 .text.PendSV_Handler
                0x08003b50       0x64 build/port.o
                0x08003b50                PendSV_Handler
 .text.xPortSysTickHandler
                0x08003bb4       0x30 build/port.o
                0x08003bb4                xPortSysTickHandler
 .text.vPortSetupTimerInterrupt
                0x08003be4       0x2c build/port.o
                0x08003be4                vPortSetupTimerInterrupt
 .text.xPortStartScheduler
                0x08003c10       0xa8 build/port.o
                0x08003c10                xPortStartScheduler
 .text.vPortValidateInterruptPriority
                0x08003cb8       0x64 build/port.o
                0x08003cb8                vPortValidateInterruptPriority
 .text.vListInitialise
                0x08003d1c       0x16 build/list.o
                0x08003d1c                vListInitialise
 .text.vListInitialiseItem
                0x08003d32        0x6 build/list.o
                0x08003d32                vListInitialiseItem
 .text.vListInsertEnd
                0x08003d38       0x18 build/list.o
                0x08003d38                vListInsertEnd
 .text.vListInsert
                0x08003d50       0x34 build/list.o
                0x08003d50                vListInsert
 .text.uxListRemove
                0x08003d84       0x26 build/list.o
                0x08003d84                uxListRemove
 .text.prvIsQueueFull
                0x08003daa       0x1e build/queue.o
 .text.prvIsQueueEmpty
                0x08003dc8       0x1a build/queue.o
 .text.prvCopyDataToQueue
                0x08003de2       0x76 build/queue.o
 .text.prvCopyDataFromQueue
                0x08003e58       0x24 build/queue.o
 .text.prvUnlockQueue
                0x08003e7c       0x6e build/queue.o
 *fill*         0x08003eea        0x2 
 .text.xQueueGenericReset
                0x08003eec       0x84 build/queue.o
                0x08003eec                xQueueGenericReset
 .text.prvInitialiseNewQueue
                0x08003f70       0x1c build/queue.o
 .text.xQueueGenericCreate
                0x08003f8c       0x4c build/queue.o
                0x08003f8c                xQueueGenericCreate
 .text.xQueueGenericSend
                0x08003fd8      0x198 build/queue.o
                0x08003fd8                xQueueGenericSend
 .text.prvInitialiseMutex
                0x08004170       0x18 build/queue.o
 .text.xQueueCreateMutex
                0x08004188       0x16 build/queue.o
                0x08004188                xQueueCreateMutex
 .text.xQueueGenericSendFromISR
                0x0800419e       0xee build/queue.o
                0x0800419e                xQueueGenericSendFromISR
 .text.xQueueGiveFromISR
                0x0800428c       0xcc build/queue.o
                0x0800428c                xQueueGiveFromISR
 .text.xQueueGenericReceive
                0x08004358      0x1bc build/queue.o
                0x08004358                xQueueGenericReceive
 .text.xQueueReceiveFromISR
                0x08004514       0xc2 build/queue.o
                0x08004514                xQueueReceiveFromISR
 *fill*         0x080045d6        0x2 
 .text.prvResetNextTaskUnblockTime
                0x080045d8       0x34 build/tasks.o
 .text.prvDeleteTCB
                0x0800460c       0x12 build/tasks.o
 .text.prvInitialiseNewTask
                0x0800461e       0x80 build/tasks.o
 *fill*         0x0800469e        0x2 
 .text.prvInitialiseTaskLists
                0x080046a0       0x68 build/tasks.o
 .text.prvAddNewTaskToReadyList
                0x08004708       0xa8 build/tasks.o
 .text.prvAddCurrentTaskToDelayedList
                0x080047b0       0xa0 build/tasks.o
 .text.xTaskCreate
                0x08004850       0x62 build/tasks.o
                0x08004850                xTaskCreate
 *fill*         0x080048b2        0x2 
 .text.vTaskStartScheduler
                0x080048b4       0x84 build/tasks.o
                0x080048b4                vTaskStartScheduler
 .text.vTaskSuspendAll
                0x08004938       0x10 build/tasks.o
                0x08004938                vTaskSuspendAll
 .text.xTaskGetTickCount
                0x08004948        0xc build/tasks.o
                0x08004948                xTaskGetTickCount
 .text.xTaskGetTickCountFromISR
                0x08004954       0x10 build/tasks.o
                0x08004954                xTaskGetTickCountFromISR
 .text.xTaskIncrementTick
                0x08004964      0x124 build/tasks.o
                0x08004964                xTaskIncrementTick
 .text.xTaskResumeAll
                0x08004a88      0x100 build/tasks.o
                0x08004a88                xTaskResumeAll
 .text.vTaskDelay
                0x08004b88       0x54 build/tasks.o
                0x08004b88                vTaskDelay
 .text.prvCheckTasksWaitingTermination
                0x08004bdc       0x5c build/tasks.o
 .text.prvIdleTask
                0x08004c38       0x28 build/tasks.o
 .text.vTaskSwitchContext
                0x08004c60       0xa0 build/tasks.o
                0x08004c60                vTaskSwitchContext
 .text.vTaskPlaceOnEventList
                0x08004d00       0x34 build/tasks.o
                0x08004d00                vTaskPlaceOnEventList
 .text.xTaskRemoveFromEventList
                0x08004d34       0x90 build/tasks.o
                0x08004d34                xTaskRemoveFromEventList
 .text.vTaskSetTimeOutState
                0x08004dc4       0x30 build/tasks.o
                0x08004dc4                vTaskSetTimeOutState
 .text.xTaskCheckForTimeOut
                0x08004df4       0x88 build/tasks.o
                0x08004df4                xTaskCheckForTimeOut
 .text.vTaskMissedYield
                0x08004e7c        0xc build/tasks.o
                0x08004e7c                vTaskMissedYield
 .text.xTaskGetSchedulerState
                0x08004e88       0x20 build/tasks.o
                0x08004e88                xTaskGetSchedulerState
 .text.vTaskPriorityInherit
                0x08004ea8       0xa4 build/tasks.o
                0x08004ea8                vTaskPriorityInherit
 .text.xTaskPriorityDisinherit
                0x08004f4c       0xbc build/tasks.o
                0x08004f4c                xTaskPriorityDisinherit
 .text.pvTaskIncrementMutexHeldCount
                0x08005008       0x1c build/tasks.o
                0x08005008                pvTaskIncrementMutexHeldCount
 .text.makeFreeRtosPriority
                0x08005024        0xc build/cmsis_os.o
 .text.inHandlerMode
                0x08005030        0xc build/cmsis_os.o
 .text.osKernelStart
                0x0800503c        0xa build/cmsis_os.o
                0x0800503c                osKernelStart
 .text.osKernelSysTick
                0x08005046       0x14 build/cmsis_os.o
                0x08005046                osKernelSysTick
 .text.osThreadCreate
                0x0800505a       0x34 build/cmsis_os.o
                0x0800505a                osThreadCreate
 .text.osDelay  0x0800508e       0x12 build/cmsis_os.o
                0x0800508e                osDelay
 .text.osMutexCreate
                0x080050a0        0xa build/cmsis_os.o
                0x080050a0                osMutexCreate
 *fill*         0x080050aa        0x2 
 .text.osMutexWait
                0x080050ac       0x74 build/cmsis_os.o
                0x080050ac                osMutexWait
 .text.osMutexRelease
                0x08005120       0x5c build/cmsis_os.o
                0x08005120                osMutexRelease
 .text.osSemaphoreCreate
                0x0800517c       0x26 build/cmsis_os.o
                0x0800517c                osSemaphoreCreate
 *fill*         0x080051a2        0x2 
 .text.osSemaphoreWait
                0x080051a4       0x74 build/cmsis_os.o
                0x080051a4                osSemaphoreWait
 .text.osSemaphoreRelease
                0x08005218       0x5c build/cmsis_os.o
                0x08005218                osSemaphoreRelease
 .text.osMessageCreate
                0x08005274        0xe build/cmsis_os.o
                0x08005274                osMessageCreate
 *fill*         0x08005282        0x2 
 .text.osMessagePut
                0x08005284       0x68 build/cmsis_os.o
                0x08005284                osMessagePut
 .text.osMessageGet
                0x080052ec       0xa0 build/cmsis_os.o
                0x080052ec                osMessageGet
 .text.osSystickHandler
                0x0800538c       0x10 build/cmsis_os.o
                0x0800538c                osSystickHandler
 .text.ethernet_input
                0x0800539c       0xa8 build/ethernet.o
                0x0800539c                ethernet_input
 .text.ethernet_output
                0x08005444       0x70 build/ethernet.o
                0x08005444                ethernet_output
 .text.tcpip_thread
                0x080054b4       0xa4 build/tcpip.o
 .text.tcpip_inpkt
                0x08005558       0x68 build/tcpip.o
                0x08005558                tcpip_inpkt
 .text.tcpip_input
                0x080055c0       0x24 build/tcpip.o
                0x080055c0                tcpip_input
 .text.tcpip_callback_with_block
                0x080055e4       0x74 build/tcpip.o
                0x080055e4                tcpip_callback_with_block
 .text.tcpip_init
                0x08005658       0x84 build/tcpip.o
                0x08005658                tcpip_init
 .text.lwip_htons
                0x080056dc        0x6 build/def.o
                0x080056dc                lwip_htons
 .text.lwip_htonl
                0x080056e2       0x18 build/def.o
                0x080056e2                lwip_htonl
 *fill*         0x080056fa        0x2 
 .text.dns_create_txid
                0x080056fc       0x38 build/dns.o
 .text.dns_call_found
                0x08005734       0xe8 build/dns.o
 .text.dns_send
                0x0800581c      0x174 build/dns.o
 .text.dns_check_entry
                0x08005990      0x12c build/dns.o
 .text.dns_check_entries
                0x08005abc       0x16 build/dns.o
 .text.dns_init
                0x08005ad2        0x2 build/dns.o
                0x08005ad2                dns_init
 .text.dns_setserver
                0x08005ad4       0x28 build/dns.o
                0x08005ad4                dns_setserver
 .text.dns_tmr  0x08005afc        0x8 build/dns.o
                0x08005afc                dns_tmr
 .text.lwip_init
                0x08005b04       0x24 build/init.o
                0x08005b04                lwip_init
 .text.plug_holes
                0x08005b28       0xe0 build/mem.o
 .text.mem_init
                0x08005c08       0x68 build/mem.o
                0x08005c08                mem_init
 .text.mem_free
                0x08005c70       0xbc build/mem.o
                0x08005c70                mem_free
 .text.mem_trim
                0x08005d2c      0x138 build/mem.o
                0x08005d2c                mem_trim
 .text.mem_malloc
                0x08005e64      0x154 build/mem.o
                0x08005e64                mem_malloc
 .text.do_memp_malloc_pool
                0x08005fb8       0x48 build/memp.o
 .text.do_memp_free_pool
                0x08006000       0x3c build/memp.o
 .text.memp_init_pool
                0x0800603c       0x28 build/memp.o
                0x0800603c                memp_init_pool
 .text.memp_init
                0x08006064       0x20 build/memp.o
                0x08006064                memp_init
 .text.memp_malloc
                0x08006084       0x34 build/memp.o
                0x08006084                memp_malloc
 .text.memp_free
                0x080060b8       0x34 build/memp.o
                0x080060b8                memp_free
 .text.netif_issue_reports
                0x080060ec       0x22 build/netif.o
 .text.netif_init
                0x0800610e        0x2 build/netif.o
                0x0800610e                netif_init
 .text.netif_set_ipaddr
                0x08006110       0x4c build/netif.o
                0x08006110                netif_set_ipaddr
 .text.netif_set_gw
                0x0800615c        0xc build/netif.o
                0x0800615c                netif_set_gw
 .text.netif_set_netmask
                0x08006168        0xc build/netif.o
                0x08006168                netif_set_netmask
 .text.netif_set_addr
                0x08006174       0x42 build/netif.o
                0x08006174                netif_set_addr
 *fill*         0x080061b6        0x2 
 .text.netif_add
                0x080061b8       0x80 build/netif.o
                0x080061b8                netif_add
 .text.netif_set_default
                0x08006238        0xc build/netif.o
                0x08006238                netif_set_default
 .text.netif_set_up
                0x08006244       0x24 build/netif.o
                0x08006244                netif_set_up
 .text.netif_set_down
                0x08006268       0x22 build/netif.o
                0x08006268                netif_set_down
 .text.pbuf_skip_const
                0x0800628a       0x16 build/pbuf.o
 .text.pbuf_header_impl
                0x080062a0       0xcc build/pbuf.o
 .text.pbuf_pool_is_empty
                0x0800636c       0x40 build/pbuf.o
 .text.pbuf_free_ooseq
                0x080063ac       0x34 build/pbuf.o
 .text.pbuf_free_ooseq_callback
                0x080063e0        0x8 build/pbuf.o
 .text.pbuf_alloced_custom
                0x080063e8       0x78 build/pbuf.o
                0x080063e8                pbuf_alloced_custom
 .text.pbuf_header
                0x08006460        0xa build/pbuf.o
                0x08006460                pbuf_header
 .text.pbuf_header_force
                0x0800646a        0xa build/pbuf.o
                0x0800646a                pbuf_header_force
 .text.pbuf_free
                0x08006474       0xd8 build/pbuf.o
                0x08006474                pbuf_free
 .text.pbuf_alloc
                0x0800654c      0x1d0 build/pbuf.o
                0x0800654c                pbuf_alloc
 .text.pbuf_realloc
                0x0800671c       0xe4 build/pbuf.o
                0x0800671c                pbuf_realloc
 .text.pbuf_clen
                0x08006800       0x12 build/pbuf.o
                0x08006800                pbuf_clen
 *fill*         0x08006812        0x2 
 .text.pbuf_ref
                0x08006814       0x38 build/pbuf.o
                0x08006814                pbuf_ref
 .text.pbuf_cat
                0x0800684c       0x78 build/pbuf.o
                0x0800684c                pbuf_cat
 .text.pbuf_chain
                0x080068c4       0x10 build/pbuf.o
                0x080068c4                pbuf_chain
 .text.pbuf_copy
                0x080068d4      0x140 build/pbuf.o
                0x080068d4                pbuf_copy
 .text.pbuf_copy_partial
                0x08006a14       0x8c build/pbuf.o
                0x08006a14                pbuf_copy_partial
 .text.pbuf_skip
                0x08006aa0        0x8 build/pbuf.o
                0x08006aa0                pbuf_skip
 .text.pbuf_take
                0x08006aa8       0xcc build/pbuf.o
                0x08006aa8                pbuf_take
 .text.pbuf_take_at
                0x08006b74       0x5c build/pbuf.o
                0x08006b74                pbuf_take_at
 .text.pbuf_put_at
                0x08006bd0       0x22 build/pbuf.o
                0x08006bd0                pbuf_put_at
 .text.tcp_remove_listener
                0x08006bf2       0x14 build/tcp.o
 *fill*         0x08006c06        0x2 
 .text.tcp_listen_closed
                0x08006c08       0x54 build/tcp.o
 .text.tcp_close_shutdown_fin
                0x08006c5c       0x88 build/tcp.o
 .text.tcp_init
                0x08006ce4        0x2 build/tcp.o
                0x08006ce4                tcp_init
 *fill*         0x08006ce6        0x2 
 .text.tcp_update_rcv_ann_wnd
                0x08006ce8       0x60 build/tcp.o
                0x08006ce8                tcp_update_rcv_ann_wnd
 .text.tcp_recved
                0x08006d48       0x84 build/tcp.o
                0x08006d48                tcp_recved
 .text.tcp_seg_free
                0x08006dcc       0x1a build/tcp.o
                0x08006dcc                tcp_seg_free
 .text.tcp_segs_free
                0x08006de6       0x14 build/tcp.o
                0x08006de6                tcp_segs_free
 .text.tcp_seg_copy
                0x08006dfa       0x28 build/tcp.o
                0x08006dfa                tcp_seg_copy
 .text.tcp_pcb_purge
                0x08006e22       0x44 build/tcp.o
                0x08006e22                tcp_pcb_purge
 *fill*         0x08006e66        0x2 
 .text.tcp_slowtmr
                0x08006e68      0x408 build/tcp.o
                0x08006e68                tcp_slowtmr
 .text.tcp_pcb_remove
                0x08007270       0xa4 build/tcp.o
                0x08007270                tcp_pcb_remove
 .text.tcp_close_shutdown
                0x08007314      0x154 build/tcp.o
 .text.tcp_close
                0x08007468       0x18 build/tcp.o
                0x08007468                tcp_close
 .text.tcp_recv_null
                0x08007480       0x24 build/tcp.o
                0x08007480                tcp_recv_null
 .text.tcp_process_refused_data
                0x080074a4       0x6e build/tcp.o
                0x080074a4                tcp_process_refused_data
 *fill*         0x08007512        0x2 
 .text.tcp_fasttmr
                0x08007514       0x80 build/tcp.o
                0x08007514                tcp_fasttmr
 .text.tcp_tmr  0x08007594       0x24 build/tcp.o
                0x08007594                tcp_tmr
 .text.tcp_abandon
                0x080075b8       0xf8 build/tcp.o
                0x080075b8                tcp_abandon
 .text.tcp_abort
                0x080076b0        0xa build/tcp.o
                0x080076b0                tcp_abort
 *fill*         0x080076ba        0x2 
 .text.tcp_kill_timewait
                0x080076bc       0x34 build/tcp.o
 .text.tcp_kill_prio
                0x080076f0       0x44 build/tcp.o
 .text.tcp_netif_ip_addr_changed_pcblist
                0x08007734       0x20 build/tcp.o
 .text.tcp_kill_state
                0x08007754       0x60 build/tcp.o
 .text.tcp_alloc
                0x080077b4       0xc0 build/tcp.o
                0x080077b4                tcp_alloc
 .text.tcp_next_iss
                0x08007874       0x18 build/tcp.o
                0x08007874                tcp_next_iss
 .text.tcp_eff_send_mss_impl
                0x0800788c       0x24 build/tcp.o
                0x0800788c                tcp_eff_send_mss_impl
 .text.tcp_netif_ip_addr_changed
                0x080078b0       0x54 build/tcp.o
                0x080078b0                tcp_netif_ip_addr_changed
 .text.tcp_getoptbyte
                0x08007904       0x4c build/tcp_in.o
 .text.tcp_parseopt
                0x08007950       0x88 build/tcp_in.o
 .text.tcp_input_delayed_close
                0x080079d8       0x44 build/tcp_in.o
 .text.tcp_timewait_input
                0x08007a1c       0x90 build/tcp_in.o
 .text.tcp_listen_input
                0x08007aac      0x118 build/tcp_in.o
 .text.tcp_oos_insert_segment
                0x08007bc4       0x84 build/tcp_in.o
 .text.tcp_receive
                0x08007c48      0xa48 build/tcp_in.o
 .text.tcp_process
                0x08008690      0x538 build/tcp_in.o
 .text.tcp_input
                0x08008bc8      0x534 build/tcp_in.o
                0x08008bc8                tcp_input
 .text.tcp_trigger_input_pcb_close
                0x080090fc       0x10 build/tcp_in.o
                0x080090fc                tcp_trigger_input_pcb_close
 .text.tcp_create_segment
                0x0800910c       0xc0 build/tcp_out.o
 .text.tcp_output_alloc_header
                0x080091cc       0x94 build/tcp_out.o
 .text.tcp_output_segment
                0x08009260       0xbc build/tcp_out.o
 .text.tcp_enqueue_flags
                0x0800931c      0x168 build/tcp_out.o
                0x0800931c                tcp_enqueue_flags
 .text.tcp_send_fin
                0x08009484       0x44 build/tcp_out.o
                0x08009484                tcp_send_fin
 .text.tcp_send_empty_ack
                0x080094c8       0x72 build/tcp_out.o
                0x080094c8                tcp_send_empty_ack
 *fill*         0x0800953a        0x2 
 .text.tcp_output
                0x0800953c      0x2b8 build/tcp_out.o
                0x0800953c                tcp_output
 .text.tcp_rst  0x080097f4       0xac build/tcp_out.o
                0x080097f4                tcp_rst
 .text.tcp_rexmit_rto
                0x080098a0       0x36 build/tcp_out.o
                0x080098a0                tcp_rexmit_rto
 .text.tcp_rexmit
                0x080098d6       0x54 build/tcp_out.o
                0x080098d6                tcp_rexmit
 .text.tcp_rexmit_fast
                0x0800992a       0x5c build/tcp_out.o
                0x0800992a                tcp_rexmit_fast
 .text.tcp_keepalive
                0x08009986       0x58 build/tcp_out.o
                0x08009986                tcp_keepalive
 .text.tcp_zero_window_probe
                0x080099de       0xd4 build/tcp_out.o
                0x080099de                tcp_zero_window_probe
 *fill*         0x08009ab2        0x2 
 .text.sys_timeouts_sleeptime
                0x08009ab4       0x34 build/timeouts.o
 .text.sys_check_timeouts
                0x08009ae8       0x70 build/timeouts.o
 .text.sys_timeout
                0x08009b58       0xbc build/timeouts.o
                0x08009b58                sys_timeout
 .text.tcp_timer_needed
                0x08009c14       0x3c build/timeouts.o
                0x08009c14                tcp_timer_needed
 .text.tcpip_tcp_timer
                0x08009c50       0x38 build/timeouts.o
 .text.sys_timeouts_init
                0x08009c88       0x34 build/timeouts.o
                0x08009c88                sys_timeouts_init
 .text.cyclic_timer
                0x08009cbc       0x18 build/timeouts.o
 .text.sys_timeouts_mbox_fetch
                0x08009cd4       0x40 build/timeouts.o
                0x08009cd4                sys_timeouts_mbox_fetch
 .text.udp_new_port
                0x08009d14       0x4c build/udp.o
 .text.udp_input_local_match
                0x08009d60       0x50 build/udp.o
 .text.udp_init
                0x08009db0        0x2 build/udp.o
                0x08009db0                udp_init
 *fill*         0x08009db2        0x2 
 .text.udp_input
                0x08009db4      0x144 build/udp.o
                0x08009db4                udp_input
 .text.udp_bind
                0x08009ef8       0x84 build/udp.o
                0x08009ef8                udp_bind
 .text.udp_sendto_if_src
                0x08009f7c       0xc8 build/udp.o
                0x08009f7c                udp_sendto_if_src
 .text.udp_sendto_if
                0x0800a044       0x48 build/udp.o
                0x0800a044                udp_sendto_if
 .text.udp_sendto
                0x0800a08c       0x3a build/udp.o
                0x0800a08c                udp_sendto
 *fill*         0x0800a0c6        0x2 
 .text.udp_connect
                0x0800a0c8       0x64 build/udp.o
                0x0800a0c8                udp_connect
 .text.udp_recv
                0x0800a12c        0x6 build/udp.o
                0x0800a12c                udp_recv
 *fill*         0x0800a132        0x2 
 .text.udp_remove
                0x0800a134       0x38 build/udp.o
                0x0800a134                udp_remove
 .text.udp_new  0x0800a16c       0x1c build/udp.o
                0x0800a16c                udp_new
 .text.udp_netif_ip_addr_changed
                0x0800a188       0x34 build/udp.o
                0x0800a188                udp_netif_ip_addr_changed
 .text.dhcp_set_state
                0x0800a1bc       0x10 build/dhcp.o
 .text.dhcp_option_short
                0x0800a1cc       0x4c build/dhcp.o
 .text.dhcp_option
                0x0800a218       0x4c build/dhcp.o
 .text.dhcp_option_byte
                0x0800a264       0x38 build/dhcp.o
 .text.dhcp_option_trailer
                0x0800a29c       0x88 build/dhcp.o
 .text.dhcp_option_long
                0x0800a324       0x70 build/dhcp.o
 .text.dhcp_create_msg
                0x0800a394      0x1f8 build/dhcp.o
 .text.dhcp_delete_msg
                0x0800a58c       0x64 build/dhcp.o
 .text.dhcp_discover
                0x0800a5f0       0xcc build/dhcp.o
 .text.dhcp_select
                0x0800a6bc       0xf8 build/dhcp.o
 .text.dhcp_handle_offer
                0x0800a7b4       0x2c build/dhcp.o
 .text.dhcp_decline
                0x0800a7e0       0x84 build/dhcp.o
 .text.dhcp_rebind
                0x0800a864       0xc8 build/dhcp.o
 .text.dhcp_t2_timeout
                0x0800a92c       0x34 build/dhcp.o
 .text.dhcp_reboot
                0x0800a960       0xe0 build/dhcp.o
 .text.dhcp_check
                0x0800aa40       0x2a build/dhcp.o
 *fill*         0x0800aa6a        0x2 
 .text.dhcp_bind
                0x0800aa6c      0x128 build/dhcp.o
 .text.dhcp_handle_nak
                0x0800ab94       0x24 build/dhcp.o
 .text.dhcp_dec_pcb_refcount
                0x0800abb8       0x48 build/dhcp.o
 .text.dhcp_inc_pcb_refcount
                0x0800ac00       0x7c build/dhcp.o
 .text.dhcp_parse_reply
                0x0800ac7c      0x4bc build/dhcp.o
 .text.dhcp_handle_ack
                0x0800b138       0xac build/dhcp.o
 .text.dhcp_recv
                0x0800b1e4      0x110 build/dhcp.o
 .text.dhcp_arp_reply
                0x0800b2f4       0x40 build/dhcp.o
                0x0800b2f4                dhcp_arp_reply
 .text.dhcp_renew
                0x0800b334       0xc4 build/dhcp.o
                0x0800b334                dhcp_renew
 .text.dhcp_t1_timeout
                0x0800b3f8       0x30 build/dhcp.o
 .text.dhcp_stop
                0x0800b428       0x54 build/dhcp.o
                0x0800b428                dhcp_stop
 .text.dhcp_start
                0x0800b47c       0xdc build/dhcp.o
                0x0800b47c                dhcp_start
 .text.dhcp_supplied_address
                0x0800b558       0x2a build/dhcp.o
                0x0800b558                dhcp_supplied_address
 *fill*         0x0800b582        0x2 
 .text.dhcp_release
                0x0800b584       0xb0 build/dhcp.o
                0x0800b584                dhcp_release
 .text.dhcp_coarse_tmr
                0x0800b634       0x64 build/dhcp.o
                0x0800b634                dhcp_coarse_tmr
 .text.dhcp_timeout
                0x0800b698       0x60 build/dhcp.o
 .text.dhcp_fine_tmr
                0x0800b6f8       0x34 build/dhcp.o
                0x0800b6f8                dhcp_fine_tmr
 .text.etharp_free_entry
                0x0800b72c       0x34 build/etharp.o
 .text.etharp_find_entry
                0x0800b760      0x1ac build/etharp.o
 .text.etharp_update_arp_entry
                0x0800b90c       0xc8 build/etharp.o
 .text.etharp_raw
                0x0800b9d4       0xe0 build/etharp.o
 .text.etharp_request_dst
                0x0800bab4       0x28 build/etharp.o
 .text.etharp_cleanup_netif
                0x0800badc       0x38 build/etharp.o
                0x0800badc                etharp_cleanup_netif
 .text.etharp_input
                0x0800bb14       0xc4 build/etharp.o
                0x0800bb14                etharp_input
 .text.etharp_request
                0x0800bbd8       0x10 build/etharp.o
                0x0800bbd8                etharp_request
 .text.etharp_tmr
                0x0800bbe8       0x90 build/etharp.o
                0x0800bbe8                etharp_tmr
 .text.etharp_output_to_arp_index
                0x0800bc78       0xd4 build/etharp.o
 .text.etharp_query
                0x0800bd4c      0x1b4 build/etharp.o
                0x0800bd4c                etharp_query
 .text.etharp_output
                0x0800bf00      0x158 build/etharp.o
                0x0800bf00                etharp_output
 .text.icmp_send_response
                0x0800c058       0xac build/icmp.o
 .text.icmp_input
                0x0800c104      0x13c build/icmp.o
                0x0800c104                icmp_input
 .text.icmp_dest_unreach
                0x0800c240        0xc build/icmp.o
                0x0800c240                icmp_dest_unreach
 .text.icmp_time_exceeded
                0x0800c24c        0xc build/icmp.o
                0x0800c24c                icmp_time_exceeded
 .text.ip4_route
                0x0800c258       0xa0 build/ip4.o
                0x0800c258                ip4_route
 .text.ip4_input
                0x0800c2f8      0x1e4 build/ip4.o
                0x0800c2f8                ip4_input
 .text.ip4_output_if_src
                0x0800c4dc       0xf4 build/ip4.o
                0x0800c4dc                ip4_output_if_src
 .text.ip4_output_if
                0x0800c5d0       0x2a build/ip4.o
                0x0800c5d0                ip4_output_if
 .text.ip4_addr_isbroadcast_u32
                0x0800c5fa       0x40 build/ip4_addr.o
                0x0800c5fa                ip4_addr_isbroadcast_u32
 *fill*         0x0800c63a        0x2 
 .text.ip_reass_dequeue_datagram
                0x0800c63c       0x48 build/ip4_frag.o
 .text.ip_reass_free_complete_datagram
                0x0800c684      0x10c build/ip4_frag.o
 .text.ip_reass_remove_oldest_datagram
                0x0800c790       0x84 build/ip4_frag.o
 .text.ip_frag_free_pbuf_custom_ref
                0x0800c814       0x2c build/ip4_frag.o
 .text.ipfrag_free_pbuf_custom
                0x0800c840       0x34 build/ip4_frag.o
 .text.ip_reass_chain_frag_into_datagram_and_validate
                0x0800c874      0x194 build/ip4_frag.o
 .text.ip_frag_alloc_pbuf_custom_ref
                0x0800ca08        0xa build/ip4_frag.o
 *fill*         0x0800ca12        0x2 
 .text.ip_reass_enqueue_new_datagram
                0x0800ca14       0x60 build/ip4_frag.o
 .text.ip_reass_tmr
                0x0800ca74       0x2c build/ip4_frag.o
                0x0800ca74                ip_reass_tmr
 .text.ip4_reass
                0x0800caa0      0x1a8 build/ip4_frag.o
                0x0800caa0                ip4_reass
 .text.ip4_frag
                0x0800cc48      0x1ec build/ip4_frag.o
                0x0800cc48                ip4_frag
 .text.sys_mbox_new
                0x0800ce34       0x24 build/sys_arch.o
                0x0800ce34                sys_mbox_new
 .text.sys_mbox_post
                0x0800ce58       0x18 build/sys_arch.o
                0x0800ce58                sys_mbox_post
 .text.sys_mbox_trypost
                0x0800ce70       0x14 build/sys_arch.o
                0x0800ce70                sys_mbox_trypost
 .text.sys_arch_mbox_fetch
                0x0800ce84       0x58 build/sys_arch.o
                0x0800ce84                sys_arch_mbox_fetch
 .text.sys_mbox_valid
                0x0800cedc        0xc build/sys_arch.o
                0x0800cedc                sys_mbox_valid
 .text.sys_init
                0x0800cee8       0x18 build/sys_arch.o
                0x0800cee8                sys_init
 .text.sys_mutex_new
                0x0800cf00       0x22 build/sys_arch.o
                0x0800cf00                sys_mutex_new
 .text.sys_mutex_lock
                0x0800cf22        0xe build/sys_arch.o
                0x0800cf22                sys_mutex_lock
 .text.sys_mutex_unlock
                0x0800cf30        0xa build/sys_arch.o
                0x0800cf30                sys_mutex_unlock
 .text.sys_thread_new
                0x0800cf3a       0x24 build/sys_arch.o
                0x0800cf3a                sys_thread_new
 *fill*         0x0800cf5e        0x2 
 .text.sys_arch_protect
                0x0800cf60       0x18 build/sys_arch.o
                0x0800cf60                sys_arch_protect
 .text.sys_arch_unprotect
                0x0800cf78       0x10 build/sys_arch.o
                0x0800cf78                sys_arch_unprotect
 .text.HAL_InitTick
                0x0800cf88       0x78 build/stm32f7xx_hal_timebase_TIM.o
                0x0800cf88                HAL_InitTick
 .text.HAL_RTC_WaitForSynchro
                0x0800d000       0x32 build/stm32f7xx_hal_rtc.o
                0x0800d000                HAL_RTC_WaitForSynchro
 .text.RTC_EnterInitMode
                0x0800d032       0x3c build/stm32f7xx_hal_rtc.o
                0x0800d032                RTC_EnterInitMode
 *fill*         0x0800d06e        0x2 
 .text.HAL_RTC_Init
                0x0800d070       0xa4 build/stm32f7xx_hal_rtc.o
                0x0800d070                HAL_RTC_Init
 .text.RTC_ByteToBcd2
                0x0800d114       0x16 build/stm32f7xx_hal_rtc.o
                0x0800d114                RTC_ByteToBcd2
 *fill*         0x0800d12a        0x2 
 .text.HAL_RTC_SetDate
                0x0800d12c       0xdc build/stm32f7xx_hal_rtc.o
                0x0800d12c                HAL_RTC_SetDate
 .text.HAL_RTC_SetTime
                0x0800d208      0x100 build/stm32f7xx_hal_rtc.o
                0x0800d208                HAL_RTC_SetTime
 .text.HAL_RTCEx_SetTimeStamp
                0x0800d308       0x5c build/stm32f7xx_hal_rtc_ex.o
                0x0800d308                HAL_RTCEx_SetTimeStamp
 .text.Reset_Handler
                0x0800d364       0x50 build/startup_stm32f746xx.o
                0x0800d364                Reset_Handler
 .text.Default_Handler
                0x0800d3b4        0x2 build/startup_stm32f746xx.o
                0x0800d3b4                RTC_Alarm_IRQHandler
                0x0800d3b4                EXTI2_IRQHandler
                0x0800d3b4                TIM8_CC_IRQHandler
                0x0800d3b4                UART8_IRQHandler
                0x0800d3b4                SPI4_IRQHandler
                0x0800d3b4                TIM1_CC_IRQHandler
                0x0800d3b4                DMA2_Stream5_IRQHandler
                0x0800d3b4                DMA1_Stream5_IRQHandler
                0x0800d3b4                PVD_IRQHandler
                0x0800d3b4                TAMP_STAMP_IRQHandler
                0x0800d3b4                CAN2_RX1_IRQHandler
                0x0800d3b4                EXTI3_IRQHandler
                0x0800d3b4                TIM8_TRG_COM_TIM14_IRQHandler
                0x0800d3b4                TIM8_UP_TIM13_IRQHandler
                0x0800d3b4                I2C3_ER_IRQHandler
                0x0800d3b4                EXTI0_IRQHandler
                0x0800d3b4                I2C2_EV_IRQHandler
                0x0800d3b4                DMA1_Stream2_IRQHandler
                0x0800d3b4                CAN1_RX0_IRQHandler
                0x0800d3b4                FPU_IRQHandler
                0x0800d3b4                OTG_HS_WKUP_IRQHandler
                0x0800d3b4                LTDC_ER_IRQHandler
                0x0800d3b4                CAN2_SCE_IRQHandler
                0x0800d3b4                DMA2_Stream2_IRQHandler
                0x0800d3b4                SPI1_IRQHandler
                0x0800d3b4                TIM6_DAC_IRQHandler
                0x0800d3b4                TIM1_BRK_TIM9_IRQHandler
                0x0800d3b4                DCMI_IRQHandler
                0x0800d3b4                CAN2_RX0_IRQHandler
                0x0800d3b4                DMA2_Stream3_IRQHandler
                0x0800d3b4                SAI2_IRQHandler
                0x0800d3b4                USART6_IRQHandler
                0x0800d3b4                USART3_IRQHandler
                0x0800d3b4                CAN1_RX1_IRQHandler
                0x0800d3b4                UART5_IRQHandler
                0x0800d3b4                DMA2_Stream0_IRQHandler
                0x0800d3b4                TIM4_IRQHandler
                0x0800d3b4                QUADSPI_IRQHandler
                0x0800d3b4                I2C1_EV_IRQHandler
                0x0800d3b4                DMA1_Stream6_IRQHandler
                0x0800d3b4                DMA1_Stream1_IRQHandler
                0x0800d3b4                UART4_IRQHandler
                0x0800d3b4                TIM3_IRQHandler
                0x0800d3b4                RCC_IRQHandler
                0x0800d3b4                TIM8_BRK_TIM12_IRQHandler
                0x0800d3b4                Default_Handler
                0x0800d3b4                CEC_IRQHandler
                0x0800d3b4                EXTI15_10_IRQHandler
                0x0800d3b4                ADC_IRQHandler
                0x0800d3b4                DMA1_Stream7_IRQHandler
                0x0800d3b4                SPI5_IRQHandler
                0x0800d3b4                TIM7_IRQHandler
                0x0800d3b4                SDMMC1_IRQHandler
                0x0800d3b4                CAN2_TX_IRQHandler
                0x0800d3b4                TIM5_IRQHandler
                0x0800d3b4                DMA2_Stream7_IRQHandler
                0x0800d3b4                I2C3_EV_IRQHandler
                0x0800d3b4                EXTI9_5_IRQHandler
                0x0800d3b4                RTC_WKUP_IRQHandler
                0x0800d3b4                LTDC_IRQHandler
                0x0800d3b4                ETH_WKUP_IRQHandler
                0x0800d3b4                SPDIF_RX_IRQHandler
                0x0800d3b4                SPI2_IRQHandler
                0x0800d3b4                OTG_HS_EP1_IN_IRQHandler
                0x0800d3b4                DMA1_Stream0_IRQHandler
                0x0800d3b4                CAN1_TX_IRQHandler
                0x0800d3b4                EXTI4_IRQHandler
                0x0800d3b4                RNG_IRQHandler
                0x0800d3b4                OTG_HS_EP1_OUT_IRQHandler
                0x0800d3b4                WWDG_IRQHandler
                0x0800d3b4                SPI6_IRQHandler
                0x0800d3b4                I2C4_EV_IRQHandler
                0x0800d3b4                TIM2_IRQHandler
                0x0800d3b4                OTG_FS_WKUP_IRQHandler
                0x0800d3b4                TIM1_TRG_COM_TIM11_IRQHandler
                0x0800d3b4                OTG_HS_IRQHandler
                0x0800d3b4                DMA2D_IRQHandler
                0x0800d3b4                EXTI1_IRQHandler
                0x0800d3b4                UART7_IRQHandler
                0x0800d3b4                USART2_IRQHandler
                0x0800d3b4                I2C2_ER_IRQHandler
                0x0800d3b4                DMA2_Stream1_IRQHandler
                0x0800d3b4                CAN1_SCE_IRQHandler
                0x0800d3b4                FLASH_IRQHandler
                0x0800d3b4                DMA2_Stream4_IRQHandler
                0x0800d3b4                USART1_IRQHandler
                0x0800d3b4                OTG_FS_IRQHandler
                0x0800d3b4                SPI3_IRQHandler
                0x0800d3b4                DMA1_Stream4_IRQHandler
                0x0800d3b4                I2C1_ER_IRQHandler
                0x0800d3b4                FMC_IRQHandler
                0x0800d3b4                LPTIM1_IRQHandler
                0x0800d3b4                I2C4_ER_IRQHandler
                0x0800d3b4                DMA2_Stream6_IRQHandler
                0x0800d3b4                SAI1_IRQHandler
                0x0800d3b4                DMA1_Stream3_IRQHandler
 *fill*         0x0800d3b6        0x2 
 .text.__libc_init_array
                0x0800d3b8       0x48 c:/gcc_toolchain/6_2017-q1-update/bin/../lib/gcc/arm-none-eabi/6.3.1/../../../../arm-none-eabi/lib/thumb/v7e-m/fpv5-sp/hard\libc_nano.a(lib_a-init.o)
                0x0800d3b8                __libc_init_array
 .text.memcmp   0x0800d400       0x1e c:/gcc_toolchain/6_2017-q1-update/bin/../lib/gcc/arm-none-eabi/6.3.1/../../../../arm-none-eabi/lib/thumb/v7e-m/fpv5-sp/hard\libc_nano.a(lib_a-memcmp.o)
                0x0800d400                memcmp
 .text.memcpy   0x0800d41e       0x16 c:/gcc_toolchain/6_2017-q1-update/bin/../lib/gcc/arm-none-eabi/6.3.1/../../../../arm-none-eabi/lib/thumb/v7e-m/fpv5-sp/hard\libc_nano.a(lib_a-memcpy-stub.o)
                0x0800d41e                memcpy
 .text.memset   0x0800d434       0x10 c:/gcc_toolchain/6_2017-q1-update/bin/../lib/gcc/arm-none-eabi/6.3.1/../../../../arm-none-eabi/lib/thumb/v7e-m/fpv5-sp/hard\libc_nano.a(lib_a-memset.o)
                0x0800d434                memset
 .text.printf   0x0800d444       0x30 c:/gcc_toolchain/6_2017-q1-update/bin/../lib/gcc/arm-none-eabi/6.3.1/../../../../arm-none-eabi/lib/thumb/v7e-m/fpv5-sp/hard\libc_nano.a(lib_a-printf.o)
                0x0800d444                iprintf
                0x0800d444                printf
 .text.rand     0x0800d474       0x74 c:/gcc_toolchain/6_2017-q1-update/bin/../lib/gcc/arm-none-eabi/6.3.1/../../../../arm-none-eabi/lib/thumb/v7e-m/fpv5-sp/hard\libc_nano.a(lib_a-rand.o)
                0x0800d474                rand
 .text._cleanup_r
                0x0800d4e8        0xc c:/gcc_toolchain/6_2017-q1-update/bin/../lib/gcc/arm-none-eabi/6.3.1/../../../../arm-none-eabi/lib/thumb/v7e-m/fpv5-sp/hard\libc_nano.a(lib_a-findfp.o)
                0x0800d4e8                _cleanup_r
 .text.std.isra.0
                0x0800d4f4       0x48 c:/gcc_toolchain/6_2017-q1-update/bin/../lib/gcc/arm-none-eabi/6.3.1/../../../../arm-none-eabi/lib/thumb/v7e-m/fpv5-sp/hard\libc_nano.a(lib_a-findfp.o)
 .text.__sfmoreglue
                0x0800d53c       0x2c c:/gcc_toolchain/6_2017-q1-update/bin/../lib/gcc/arm-none-eabi/6.3.1/../../../../arm-none-eabi/lib/thumb/v7e-m/fpv5-sp/hard\libc_nano.a(lib_a-findfp.o)
                0x0800d53c                __sfmoreglue
 .text.__sinit  0x0800d568       0x60 c:/gcc_toolchain/6_2017-q1-update/bin/../lib/gcc/arm-none-eabi/6.3.1/../../../../arm-none-eabi/lib/thumb/v7e-m/fpv5-sp/hard\libc_nano.a(lib_a-findfp.o)
                0x0800d568                __sinit
 .text.__sfp    0x0800d5c8       0x78 c:/gcc_toolchain/6_2017-q1-update/bin/../lib/gcc/arm-none-eabi/6.3.1/../../../../arm-none-eabi/lib/thumb/v7e-m/fpv5-sp/hard\libc_nano.a(lib_a-findfp.o)
                0x0800d5c8                __sfp
 .text._fwalk_reent
                0x0800d640       0x3c c:/gcc_toolchain/6_2017-q1-update/bin/../lib/gcc/arm-none-eabi/6.3.1/../../../../arm-none-eabi/lib/thumb/v7e-m/fpv5-sp/hard\libc_nano.a(lib_a-fwalk.o)
                0x0800d640                _fwalk_reent
 .text.malloc   0x0800d67c       0x10 c:/gcc_toolchain/6_2017-q1-update/bin/../lib/gcc/arm-none-eabi/6.3.1/../../../../arm-none-eabi/lib/thumb/v7e-m/fpv5-sp/hard\libc_nano.a(lib_a-malloc.o)
                0x0800d67c                malloc
 .text._free_r  0x0800d68c       0x9c c:/gcc_toolchain/6_2017-q1-update/bin/../lib/gcc/arm-none-eabi/6.3.1/../../../../arm-none-eabi/lib/thumb/v7e-m/fpv5-sp/hard\libc_nano.a(lib_a-nano-freer.o)
                0x0800d68c                _free_r
 .text._malloc_r
                0x0800d728       0xbc c:/gcc_toolchain/6_2017-q1-update/bin/../lib/gcc/arm-none-eabi/6.3.1/../../../../arm-none-eabi/lib/thumb/v7e-m/fpv5-sp/hard\libc_nano.a(lib_a-nano-mallocr.o)
                0x0800d728                _malloc_r
 .text.__sfputc_r
                0x0800d7e4       0x30 c:/gcc_toolchain/6_2017-q1-update/bin/../lib/gcc/arm-none-eabi/6.3.1/../../../../arm-none-eabi/lib/thumb/v7e-m/fpv5-sp/hard\libc_nano.a(lib_a-nano-vfprintf.o)
 .text.__sfputs_r
                0x0800d814       0x24 c:/gcc_toolchain/6_2017-q1-update/bin/../lib/gcc/arm-none-eabi/6.3.1/../../../../arm-none-eabi/lib/thumb/v7e-m/fpv5-sp/hard\libc_nano.a(lib_a-nano-vfprintf.o)
                0x0800d814                __sfputs_r
 .text._vfprintf_r
                0x0800d838      0x22c c:/gcc_toolchain/6_2017-q1-update/bin/../lib/gcc/arm-none-eabi/6.3.1/../../../../arm-none-eabi/lib/thumb/v7e-m/fpv5-sp/hard\libc_nano.a(lib_a-nano-vfprintf.o)
                0x0800d838                _vfprintf_r
                0x0800d838                _vfiprintf_r
 .text._printf_common
                0x0800da64       0xec c:/gcc_toolchain/6_2017-q1-update/bin/../lib/gcc/arm-none-eabi/6.3.1/../../../../arm-none-eabi/lib/thumb/v7e-m/fpv5-sp/hard\libc_nano.a(lib_a-nano-vfprintf_i.o)
                0x0800da64                _printf_common
 .text._printf_i
                0x0800db50      0x240 c:/gcc_toolchain/6_2017-q1-update/bin/../lib/gcc/arm-none-eabi/6.3.1/../../../../arm-none-eabi/lib/thumb/v7e-m/fpv5-sp/hard\libc_nano.a(lib_a-nano-vfprintf_i.o)
                0x0800db50                _printf_i
 .text._sbrk_r  0x0800dd90       0x20 c:/gcc_toolchain/6_2017-q1-update/bin/../lib/gcc/arm-none-eabi/6.3.1/../../../../arm-none-eabi/lib/thumb/v7e-m/fpv5-sp/hard\libc_nano.a(lib_a-sbrkr.o)
                0x0800dd90                _sbrk_r
 .text.__sread  0x0800ddb0       0x22 c:/gcc_toolchain/6_2017-q1-update/bin/../lib/gcc/arm-none-eabi/6.3.1/../../../../arm-none-eabi/lib/thumb/v7e-m/fpv5-sp/hard\libc_nano.a(lib_a-stdio.o)
                0x0800ddb0                __sread
 .text.__swrite
                0x0800ddd2       0x38 c:/gcc_toolchain/6_2017-q1-update/bin/../lib/gcc/arm-none-eabi/6.3.1/../../../../arm-none-eabi/lib/thumb/v7e-m/fpv5-sp/hard\libc_nano.a(lib_a-stdio.o)
                0x0800ddd2                __swrite
 .text.__sseek  0x0800de0a       0x24 c:/gcc_toolchain/6_2017-q1-update/bin/../lib/gcc/arm-none-eabi/6.3.1/../../../../arm-none-eabi/lib/thumb/v7e-m/fpv5-sp/hard\libc_nano.a(lib_a-stdio.o)
                0x0800de0a                __sseek
 .text.__sclose
                0x0800de2e        0x8 c:/gcc_toolchain/6_2017-q1-update/bin/../lib/gcc/arm-none-eabi/6.3.1/../../../../arm-none-eabi/lib/thumb/v7e-m/fpv5-sp/hard\libc_nano.a(lib_a-stdio.o)
                0x0800de2e                __sclose
 *fill*         0x0800de36        0x2 
 .text.__swbuf_r
                0x0800de38       0xa4 c:/gcc_toolchain/6_2017-q1-update/bin/../lib/gcc/arm-none-eabi/6.3.1/../../../../arm-none-eabi/lib/thumb/v7e-m/fpv5-sp/hard\libc_nano.a(lib_a-wbuf.o)
                0x0800de38                __swbuf_r
 .text._write_r
                0x0800dedc       0x24 c:/gcc_toolchain/6_2017-q1-update/bin/../lib/gcc/arm-none-eabi/6.3.1/../../../../arm-none-eabi/lib/thumb/v7e-m/fpv5-sp/hard\libc_nano.a(lib_a-writer.o)
                0x0800dedc                _write_r
 .text.__swsetup_r
                0x0800df00       0xdc c:/gcc_toolchain/6_2017-q1-update/bin/../lib/gcc/arm-none-eabi/6.3.1/../../../../arm-none-eabi/lib/thumb/v7e-m/fpv5-sp/hard\libc_nano.a(lib_a-wsetup.o)
                0x0800df00                __swsetup_r
 .text._close_r
                0x0800dfdc       0x20 c:/gcc_toolchain/6_2017-q1-update/bin/../lib/gcc/arm-none-eabi/6.3.1/../../../../arm-none-eabi/lib/thumb/v7e-m/fpv5-sp/hard\libc_nano.a(lib_a-closer.o)
                0x0800dfdc                _close_r
 .text.__sflush_r
                0x0800dffc      0x110 c:/gcc_toolchain/6_2017-q1-update/bin/../lib/gcc/arm-none-eabi/6.3.1/../../../../arm-none-eabi/lib/thumb/v7e-m/fpv5-sp/hard\libc_nano.a(lib_a-fflush.o)
                0x0800dffc                __sflush_r
 .text._fflush_r
                0x0800e10c       0x54 c:/gcc_toolchain/6_2017-q1-update/bin/../lib/gcc/arm-none-eabi/6.3.1/../../../../arm-none-eabi/lib/thumb/v7e-m/fpv5-sp/hard\libc_nano.a(lib_a-fflush.o)
                0x0800e10c                _fflush_r
 .text._lseek_r
                0x0800e160       0x24 c:/gcc_toolchain/6_2017-q1-update/bin/../lib/gcc/arm-none-eabi/6.3.1/../../../../arm-none-eabi/lib/thumb/v7e-m/fpv5-sp/hard\libc_nano.a(lib_a-lseekr.o)
                0x0800e160                _lseek_r
 .text.__swhatbuf_r
                0x0800e184       0x48 c:/gcc_toolchain/6_2017-q1-update/bin/../lib/gcc/arm-none-eabi/6.3.1/../../../../arm-none-eabi/lib/thumb/v7e-m/fpv5-sp/hard\libc_nano.a(lib_a-makebuf.o)
                0x0800e184                __swhatbuf_r
 .text.__smakebuf_r
                0x0800e1cc       0x80 c:/gcc_toolchain/6_2017-q1-update/bin/../lib/gcc/arm-none-eabi/6.3.1/../../../../arm-none-eabi/lib/thumb/v7e-m/fpv5-sp/hard\libc_nano.a(lib_a-makebuf.o)
                0x0800e1cc                __smakebuf_r
 .text.__malloc_lock
                0x0800e24c        0x2 c:/gcc_toolchain/6_2017-q1-update/bin/../lib/gcc/arm-none-eabi/6.3.1/../../../../arm-none-eabi/lib/thumb/v7e-m/fpv5-sp/hard\libc_nano.a(lib_a-mlock.o)
                0x0800e24c                __malloc_lock
 .text.__malloc_unlock
                0x0800e24e        0x2 c:/gcc_toolchain/6_2017-q1-update/bin/../lib/gcc/arm-none-eabi/6.3.1/../../../../arm-none-eabi/lib/thumb/v7e-m/fpv5-sp/hard\libc_nano.a(lib_a-mlock.o)
                0x0800e24e                __malloc_unlock
 .text._read_r  0x0800e250       0x24 c:/gcc_toolchain/6_2017-q1-update/bin/../lib/gcc/arm-none-eabi/6.3.1/../../../../arm-none-eabi/lib/thumb/v7e-m/fpv5-sp/hard\libc_nano.a(lib_a-readr.o)
                0x0800e250                _read_r
 .text._fstat_r
                0x0800e274       0x24 c:/gcc_toolchain/6_2017-q1-update/bin/../lib/gcc/arm-none-eabi/6.3.1/../../../../arm-none-eabi/lib/thumb/v7e-m/fpv5-sp/hard\libc_nano.a(lib_a-fstatr.o)
                0x0800e274                _fstat_r
 .text._isatty_r
                0x0800e298       0x20 c:/gcc_toolchain/6_2017-q1-update/bin/../lib/gcc/arm-none-eabi/6.3.1/../../../../arm-none-eabi/lib/thumb/v7e-m/fpv5-sp/hard\libc_nano.a(lib_a-isattyr.o)
                0x0800e298                _isatty_r
 *(.glue_7)
 .glue_7        0x0800e2b8        0x0 linker stubs
 *(.glue_7t)
 .glue_7t       0x0800e2b8        0x0 linker stubs
 *(.eh_frame)
 .eh_frame      0x0800e2b8        0x0 c:/gcc_toolchain/6_2017-q1-update/bin/../lib/gcc/arm-none-eabi/6.3.1/thumb/v7e-m/fpv5-sp/hard/crtbegin.o
 *(.init)
 .init          0x0800e2b8        0x4 c:/gcc_toolchain/6_2017-q1-update/bin/../lib/gcc/arm-none-eabi/6.3.1/thumb/v7e-m/fpv5-sp/hard/crti.o
                0x0800e2b8                _init
 .init          0x0800e2bc        0x8 c:/gcc_toolchain/6_2017-q1-update/bin/../lib/gcc/arm-none-eabi/6.3.1/thumb/v7e-m/fpv5-sp/hard/crtn.o
 *(.fini)
 .fini          0x0800e2c4        0x4 c:/gcc_toolchain/6_2017-q1-update/bin/../lib/gcc/arm-none-eabi/6.3.1/thumb/v7e-m/fpv5-sp/hard/crti.o
                0x0800e2c4                _fini
 .fini          0x0800e2c8        0x8 c:/gcc_toolchain/6_2017-q1-update/bin/../lib/gcc/arm-none-eabi/6.3.1/thumb/v7e-m/fpv5-sp/hard/crtn.o
                0x0800e2d0                . = ALIGN (0x4)
                0x0800e2d0                _etext = .

.vfp11_veneer   0x0800e2d0        0x0
 .vfp11_veneer  0x0800e2d0        0x0 linker stubs

.v4_bx          0x0800e2d0        0x0
 .v4_bx         0x0800e2d0        0x0 linker stubs

.iplt           0x0800e2d0        0x0
 .iplt          0x0800e2d0        0x0 c:/gcc_toolchain/6_2017-q1-update/bin/../lib/gcc/arm-none-eabi/6.3.1/thumb/v7e-m/fpv5-sp/hard/crtbegin.o

.rodata         0x0800e2d0     0x1e2c
                0x0800e2d0                . = ALIGN (0x4)
 *(.rodata)
 .rodata        0x0800e2d0       0x14 build/main.o
 .rodata        0x0800e2e4       0x14 build/ethernetif.o
 *(.rodata*)
 .rodata.MX_USART3_UART_Init.str1.4
                0x0800e2f8        0xb build/main.o
 *fill*         0x0800e303        0x1 
 .rodata.StartDefaultTask.str1.4
                0x0800e304       0x20 build/main.o
 .rodata.main.str1.4
                0x0800e324        0x7 build/main.o
 *fill*         0x0800e32b        0x1 
 .rodata.str1.4
                0x0800e32c        0xc build/main.o
 .rodata.ethernetif_init.str1.4
                0x0800e338       0x4c build/ethernetif.o
 .rodata.str1.4
                0x0800e384        0x6 build/ethernetif.o
 *fill*         0x0800e38a        0x2 
 .rodata.AHBPrescTable
                0x0800e38c       0x10 build/system_stm32f7xx.o
                0x0800e38c                AHBPrescTable
 .rodata.APBPrescTable
                0x0800e39c        0x8 build/system_stm32f7xx.o
                0x0800e39c                APBPrescTable
 .rodata.vTaskStartScheduler.str1.4
                0x0800e3a4        0x5 build/tasks.o
 *fill*         0x0800e3a9        0x3 
 .rodata.ethbroadcast
                0x0800e3ac        0x6 build/ethernet.o
                0x0800e3ac                ethbroadcast
 *fill*         0x0800e3b2        0x2 
 .rodata.ethernet_output.str1.4
                0x0800e3b4       0x65 build/ethernet.o
                                 0x90 (size before relaxing)
 *fill*         0x0800e419        0x3 
 .rodata.ethzero
                0x0800e41c        0x6 build/ethernet.o
                0x0800e41c                ethzero
 *fill*         0x0800e422        0x2 
 .rodata.tcpip_init.str1.4
                0x0800e424       0x55 build/tcpip.o
 *fill*         0x0800e479        0x3 
 .rodata.tcpip_inpkt.str1.4
                0x0800e47c        0xd build/tcpip.o
 *fill*         0x0800e489        0x3 
 .rodata.tcpip_thread.str1.4
                0x0800e48c       0x4e build/tcpip.o
                                 0x78 (size before relaxing)
 *fill*         0x0800e4da        0x2 
 .rodata.dns_check_entry.str1.4
                0x0800e4dc       0x3b build/dns.o
 *fill*         0x0800e517        0x1 
 .rodata.dns_send.str1.4
                0x0800e518       0x44 build/dns.o
                                 0x6c (size before relaxing)
 .rodata.mem_free.str1.4
                0x0800e55c       0x50 build/mem.o
 .rodata.mem_init.str1.4
                0x0800e5ac       0x1b build/mem.o
 *fill*         0x0800e5c7        0x1 
 .rodata.mem_malloc.str1.4
                0x0800e5c8       0x9f build/mem.o
 *fill*         0x0800e667        0x1 
 .rodata.mem_trim.str1.4
                0x0800e668       0x38 build/mem.o
 .rodata.plug_holes.str1.4
                0x0800e6a0       0xa6 build/mem.o
                                 0xce (size before relaxing)
 *fill*         0x0800e746        0x2 
 .rodata.do_memp_free_pool.str1.4
                0x0800e748       0x20 build/memp.o
 .rodata.do_memp_malloc_pool.str1.4
                0x0800e768       0x53 build/memp.o
                                 0x7c (size before relaxing)
 *fill*         0x0800e7bb        0x1 
 .rodata.memp_FRAG_PBUF
                0x0800e7bc        0xc build/memp.o
                0x0800e7bc                memp_FRAG_PBUF
 .rodata.memp_NETBUF
                0x0800e7c8        0xc build/memp.o
                0x0800e7c8                memp_NETBUF
 .rodata.memp_NETCONN
                0x0800e7d4        0xc build/memp.o
                0x0800e7d4                memp_NETCONN
 .rodata.memp_NETDB
                0x0800e7e0        0xc build/memp.o
                0x0800e7e0                memp_NETDB
 .rodata.memp_PBUF
                0x0800e7ec        0xc build/memp.o
                0x0800e7ec                memp_PBUF
 .rodata.memp_PBUF_POOL
                0x0800e7f8        0xc build/memp.o
                0x0800e7f8                memp_PBUF_POOL
 .rodata.memp_REASSDATA
                0x0800e804        0xc build/memp.o
                0x0800e804                memp_REASSDATA
 .rodata.memp_SYS_TIMEOUT
                0x0800e810        0xc build/memp.o
                0x0800e810                memp_SYS_TIMEOUT
 .rodata.memp_TCPIP_MSG_API
                0x0800e81c        0xc build/memp.o
                0x0800e81c                memp_TCPIP_MSG_API
 .rodata.memp_TCPIP_MSG_INPKT
                0x0800e828        0xc build/memp.o
                0x0800e828                memp_TCPIP_MSG_INPKT
 .rodata.memp_TCP_PCB
                0x0800e834        0xc build/memp.o
                0x0800e834                memp_TCP_PCB
 .rodata.memp_TCP_PCB_LISTEN
                0x0800e840        0xc build/memp.o
                0x0800e840                memp_TCP_PCB_LISTEN
 .rodata.memp_TCP_SEG
                0x0800e84c        0xc build/memp.o
                0x0800e84c                memp_TCP_SEG
 .rodata.memp_UDP_PCB
                0x0800e858        0xc build/memp.o
                0x0800e858                memp_UDP_PCB
 .rodata.memp_free.str1.4
                0x0800e864       0x1b build/memp.o
 *fill*         0x0800e87f        0x1 
 .rodata.memp_malloc.str1.4
                0x0800e880       0x1d build/memp.o
 *fill*         0x0800e89d        0x3 
 .rodata.memp_pools
                0x0800e8a0       0x38 build/memp.o
                0x0800e8a0                memp_pools
 .rodata.netif_add.str1.4
                0x0800e8d8       0x47 build/netif.o
                                 0x70 (size before relaxing)
 *fill*         0x0800e91f        0x1 
 .rodata.pbuf_alloc.str1.4
                0x0800e920       0xe3 build/pbuf.o
 *fill*         0x0800ea03        0x1 
 .rodata.pbuf_alloced_custom.str1.4
                0x0800ea04       0x24 build/pbuf.o
 .rodata.pbuf_cat.str1.4
                0x0800ea28       0x78 build/pbuf.o
 .rodata.pbuf_copy.str1.4
                0x0800eaa0       0x9e build/pbuf.o
 *fill*         0x0800eb3e        0x2 
 .rodata.pbuf_copy_partial.str1.4
                0x0800eb40       0x43 build/pbuf.o
 *fill*         0x0800eb83        0x1 
 .rodata.pbuf_free.str1.4
                0x0800eb84       0x51 build/pbuf.o
 *fill*         0x0800ebd5        0x3 
 .rodata.pbuf_header_impl.str1.4
                0x0800ebd8       0x5e build/pbuf.o
                                 0x92 (size before relaxing)
 *fill*         0x0800ec36        0x2 
 .rodata.pbuf_realloc.str1.4
                0x0800ec38       0x7c build/pbuf.o
 .rodata.pbuf_ref.str1.4
                0x0800ecb4       0x12 build/pbuf.o
 *fill*         0x0800ecc6        0x2 
 .rodata.pbuf_take.str1.4
                0x0800ecc8       0x82 build/pbuf.o
 *fill*         0x0800ed4a        0x2 
 .rodata.tcp_abandon.str1.4
                0x0800ed4c       0x31 build/tcp.o
 *fill*         0x0800ed7d        0x3 
 .rodata.tcp_backoff
                0x0800ed80        0xd build/tcp.o
 *fill*         0x0800ed8d        0x3 
 .rodata.tcp_close_shutdown.str1.4
                0x0800ed90       0x19 build/tcp.o
 *fill*         0x0800eda9        0x3 
 .rodata.tcp_kill_state.str1.4
                0x0800edac        0xe build/tcp.o
 *fill*         0x0800edba        0x2 
 .rodata.tcp_listen_closed.str1.4
                0x0800edbc       0x4d build/tcp.o
                                 0x75 (size before relaxing)
 *fill*         0x0800ee09        0x3 
 .rodata.tcp_pcb_lists
                0x0800ee0c       0x10 build/tcp.o
                0x0800ee0c                tcp_pcb_lists
 .rodata.tcp_pcb_remove.str1.4
                0x0800ee1c       0x4b build/tcp.o
 *fill*         0x0800ee67        0x1 
 .rodata.tcp_persist_backoff
                0x0800ee68        0x7 build/tcp.o
 *fill*         0x0800ee6f        0x1 
 .rodata.tcp_recved.str1.4
                0x0800ee70       0x49 build/tcp.o
 *fill*         0x0800eeb9        0x3 
 .rodata.tcp_slowtmr.str1.4
                0x0800eebc      0x15e build/tcp.o
 *fill*         0x0800f01a        0x2 
 .rodata.tcp_update_rcv_ann_wnd.str1.4
                0x0800f01c       0x1a build/tcp.o
 *fill*         0x0800f036        0x2 
 .rodata.tcp_input.str1.4
                0x0800f038      0x15a build/tcp_in.o
 *fill*         0x0800f192        0x2 
 .rodata.tcp_process.str1.4
                0x0800f194       0x6a build/tcp_in.o
 *fill*         0x0800f1fe        0x2 
 .rodata.tcp_receive.str1.4
                0x0800f200      0x191 build/tcp_in.o
                                0x1b9 (size before relaxing)
 *fill*         0x0800f391        0x3 
 .rodata.tcp_create_segment.str1.4
                0x0800f394       0x15 build/tcp_out.o
 *fill*         0x0800f3a9        0x3 
 .rodata.tcp_enqueue_flags.str1.4
                0x0800f3ac      0x100 build/tcp_out.o
 .rodata.tcp_output.str1.4
                0x0800f4ac       0x3f build/tcp_out.o
 *fill*         0x0800f4eb        0x1 
 .rodata.tcp_output_alloc_header.str1.4
                0x0800f4ec       0x2e build/tcp_out.o
 *fill*         0x0800f51a        0x2 
 .rodata.tcp_write_checks.str1.4
                0x0800f51c       0x9e build/tcp_out.o
                                 0xc6 (size before relaxing)
 *fill*         0x0800f5ba        0x2 
 .rodata.lwip_cyclic_timers
                0x0800f5bc       0x30 build/timeouts.o
                0x0800f5bc                lwip_cyclic_timers
 .rodata.sys_timeout.str1.4
                0x0800f5ec       0x71 build/timeouts.o
                                 0x9c (size before relaxing)
 *fill*         0x0800f65d        0x3 
 .rodata.udp_input.str1.4
                0x0800f660       0x40 build/udp.o
                                 0x68 (size before relaxing)
 .rodata.udp_sendto_if_src.str1.4
                0x0800f6a0       0x2e build/udp.o
 *fill*         0x0800f6ce        0x2 
 .rodata.dhcp_bind.str1.4
                0x0800f6d0       0x34 build/dhcp.o
 .rodata.dhcp_create_msg.str1.4
                0x0800f704       0xd0 build/dhcp.o
 .rodata.dhcp_dec_pcb_refcount.str1.4
                0x0800f7d4       0x24 build/dhcp.o
 .rodata.dhcp_delete_msg.str1.4
                0x0800f7f8       0x6f build/dhcp.o
 *fill*         0x0800f867        0x1 
 .rodata.dhcp_discover_request_options
                0x0800f868        0x4 build/dhcp.o
 .rodata.dhcp_inc_pcb_refcount.str1.4
                0x0800f86c       0x25 build/dhcp.o
 *fill*         0x0800f891        0x3 
 .rodata.dhcp_option.str1.4
                0x0800f894       0x48 build/dhcp.o
 .rodata.dhcp_option_byte.str1.4
                0x0800f8dc       0x3b build/dhcp.o
 *fill*         0x0800f917        0x1 
 .rodata.dhcp_option_long.str1.4
                0x0800f918       0x40 build/dhcp.o
 .rodata.dhcp_option_short.str1.4
                0x0800f958       0x75 build/dhcp.o
                                 0xa0 (size before relaxing)
 *fill*         0x0800f9cd        0x3 
 .rodata.dhcp_option_trailer.str1.4
                0x0800f9d0       0x8f build/dhcp.o
 *fill*         0x0800fa5f        0x1 
 .rodata.dhcp_parse_reply.str1.4
                0x0800fa60       0xa7 build/dhcp.o
 *fill*         0x0800fb07        0x1 
 .rodata.dhcp_recv.str1.4
                0x0800fb08       0x13 build/dhcp.o
 *fill*         0x0800fb1b        0x1 
 .rodata.dhcp_set_struct.str1.4
                0x0800fb1c       0x34 build/dhcp.o
                                 0x44 (size before relaxing)
 .rodata.dhcp_start.str1.4
                0x0800fb50       0x3c build/dhcp.o
 .rodata.dhcp_stop.str1.4
                0x0800fb8c       0x19 build/dhcp.o
 *fill*         0x0800fba5        0x3 
 .rodata.etharp_find_entry.str1.4
                0x0800fba8       0x89 build/etharp.o
                                 0xb1 (size before relaxing)
 *fill*         0x0800fc31        0x3 
 .rodata.etharp_get_entry.str1.4
                0x0800fc34       0x20 build/etharp.o
 .rodata.etharp_output_to_arp_index.str1.4
                0x0800fc54       0x30 build/etharp.o
 .rodata.etharp_query.str1.4
                0x0800fc84       0x4e build/etharp.o
 *fill*         0x0800fcd2        0x2 
 .rodata.etharp_raw.str1.4
                0x0800fcd4       0x75 build/etharp.o
                                 0x85 (size before relaxing)
 *fill*         0x0800fd49        0x3 
 .rodata.etharp_update_arp_entry.str1.4
                0x0800fd4c       0x24 build/etharp.o
 .rodata.icmp_input.str1.4
                0x0800fd70       0x6a build/icmp.o
 *fill*         0x0800fdda        0x2 
 .rodata.icmp_send_response.str1.4
                0x0800fddc       0x60 build/icmp.o
                                 0x88 (size before relaxing)
 .rodata.ip4_output_if_src.str1.4
                0x0800fe3c       0x6d build/ip4.o
                                 0x95 (size before relaxing)
 *fill*         0x0800fea9        0x3 
 .rodata.ip_addr_any
                0x0800feac        0x4 build/ip4_addr.o
                0x0800feac                ip_addr_any
 .rodata.ip_addr_broadcast
                0x0800feb0        0x4 build/ip4_addr.o
                0x0800feb0                ip_addr_broadcast
 .rodata.ip4_frag.str1.4
                0x0800feb4       0x64 build/ip4_frag.o
 .rodata.ip_frag_free_pbuf_custom_ref.str1.4
                0x0800ff18        0xa build/ip4_frag.o
 .rodata.ip_reass_chain_frag_into_datagram_and_validate.str1.4
                0x0800ff18       0x8a build/ip4_frag.o
 *fill*         0x0800ffa2        0x2 
 .rodata.ip_reass_dequeue_datagram.str1.4
                0x0800ffa4       0x51 build/ip4_frag.o
                                 0x7c (size before relaxing)
 *fill*         0x0800fff5        0x3 
 .rodata.ip_reass_free_complete_datagram.str1.4
                0x0800fff8       0x5b build/ip4_frag.o
 *fill*         0x08010053        0x1 
 .rodata.ipfrag_free_pbuf_custom.str1.4
                0x08010054        0xc build/ip4_frag.o
 .rodata.os_mutex_def_lwip_sys_mutex
                0x08010060        0x4 build/sys_arch.o
                0x08010060                os_mutex_def_lwip_sys_mutex
 .rodata._global_impure_ptr
                0x08010064        0x4 c:/gcc_toolchain/6_2017-q1-update/bin/../lib/gcc/arm-none-eabi/6.3.1/../../../../arm-none-eabi/lib/thumb/v7e-m/fpv5-sp/hard\libc_nano.a(lib_a-impure.o)
                0x08010064                _global_impure_ptr
 .rodata.__sf_fake_stderr
                0x08010068       0x20 c:/gcc_toolchain/6_2017-q1-update/bin/../lib/gcc/arm-none-eabi/6.3.1/../../../../arm-none-eabi/lib/thumb/v7e-m/fpv5-sp/hard\libc_nano.a(lib_a-findfp.o)
                0x08010068                __sf_fake_stderr
 .rodata.__sf_fake_stdin
                0x08010088       0x20 c:/gcc_toolchain/6_2017-q1-update/bin/../lib/gcc/arm-none-eabi/6.3.1/../../../../arm-none-eabi/lib/thumb/v7e-m/fpv5-sp/hard\libc_nano.a(lib_a-findfp.o)
                0x08010088                __sf_fake_stdin
 .rodata.__sf_fake_stdout
                0x080100a8       0x20 c:/gcc_toolchain/6_2017-q1-update/bin/../lib/gcc/arm-none-eabi/6.3.1/../../../../arm-none-eabi/lib/thumb/v7e-m/fpv5-sp/hard\libc_nano.a(lib_a-findfp.o)
                0x080100a8                __sf_fake_stdout
 .rodata._vfprintf_r.str1.1
                0x080100c8       0x11 c:/gcc_toolchain/6_2017-q1-update/bin/../lib/gcc/arm-none-eabi/6.3.1/../../../../arm-none-eabi/lib/thumb/v7e-m/fpv5-sp/hard\libc_nano.a(lib_a-nano-vfprintf.o)
 .rodata._printf_i.str1.1
                0x080100d9       0x22 c:/gcc_toolchain/6_2017-q1-update/bin/../lib/gcc/arm-none-eabi/6.3.1/../../../../arm-none-eabi/lib/thumb/v7e-m/fpv5-sp/hard\libc_nano.a(lib_a-nano-vfprintf_i.o)
                0x080100fc                . = ALIGN (0x4)
 *fill*         0x080100fb        0x1 

.ARM.extab
 *(.ARM.extab* .gnu.linkonce.armextab.*)

.ARM            0x080100fc        0x8
                0x080100fc                __exidx_start = .
 *(.ARM.exidx*)
 .ARM.exidx     0x080100fc        0x8 c:/gcc_toolchain/6_2017-q1-update/bin/../lib/gcc/arm-none-eabi/6.3.1/thumb/v7e-m/fpv5-sp/hard\libgcc.a(_udivmoddi4.o)
                0x08010104                __exidx_end = .

.rel.dyn        0x08010104        0x0
 .rel.iplt      0x08010104        0x0 c:/gcc_toolchain/6_2017-q1-update/bin/../lib/gcc/arm-none-eabi/6.3.1/thumb/v7e-m/fpv5-sp/hard/crtbegin.o

.preinit_array  0x08010104        0x0
                0x08010104                PROVIDE (__preinit_array_start, .)
 *(.preinit_array*)
                0x08010104                PROVIDE (__preinit_array_end, .)

.init_array     0x08010104        0x4
                0x08010104                PROVIDE (__init_array_start, .)
 *(SORT(.init_array.*))
 *(.init_array*)
 .init_array    0x08010104        0x4 c:/gcc_toolchain/6_2017-q1-update/bin/../lib/gcc/arm-none-eabi/6.3.1/thumb/v7e-m/fpv5-sp/hard/crtbegin.o
                0x08010108                PROVIDE (__init_array_end, .)

.fini_array     0x08010108        0x4
                [!provide]                PROVIDE (__fini_array_start, .)
 *(SORT(.fini_array.*))
 *(.fini_array*)
 .fini_array    0x08010108        0x4 c:/gcc_toolchain/6_2017-q1-update/bin/../lib/gcc/arm-none-eabi/6.3.1/thumb/v7e-m/fpv5-sp/hard/crtbegin.o
                [!provide]                PROVIDE (__fini_array_end, .)
                0x0801010c                _sidata = LOADADDR (.data)

.data           0x20000000       0x78 load address 0x0801010c
                0x20000000                . = ALIGN (0x4)
                0x20000000                _sdata = .
 *(.data)
 *(.data*)
 .data.uwTickFreq
                0x20000000        0x1 build/stm32f7xx_hal.o
                0x20000000                uwTickFreq
 *fill*         0x20000001        0x3 
 .data.SystemCoreClock
                0x20000004        0x4 build/system_stm32f7xx.o
                0x20000004                SystemCoreClock
 .data.uxCriticalNesting
                0x20000008        0x4 build/port.o
 .data.iss.11839
                0x2000000c        0x4 build/tcp.o
 .data.udp_port
                0x20000010        0x2 build/udp.o
 *fill*         0x20000012        0x2 
 .data._impure_ptr
                0x20000014        0x4 c:/gcc_toolchain/6_2017-q1-update/bin/../lib/gcc/arm-none-eabi/6.3.1/../../../../arm-none-eabi/lib/thumb/v7e-m/fpv5-sp/hard\libc_nano.a(lib_a-impure.o)
                0x20000014                _impure_ptr
 .data.impure_data
                0x20000018       0x60 c:/gcc_toolchain/6_2017-q1-update/bin/../lib/gcc/arm-none-eabi/6.3.1/../../../../arm-none-eabi/lib/thumb/v7e-m/fpv5-sp/hard\libc_nano.a(lib_a-impure.o)
                0x20000078                . = ALIGN (0x4)
                0x20000078                _edata = .

.jcr            0x20000078        0x0 load address 0x08010184
 .jcr           0x20000078        0x0 c:/gcc_toolchain/6_2017-q1-update/bin/../lib/gcc/arm-none-eabi/6.3.1/thumb/v7e-m/fpv5-sp/hard/crtbegin.o

.igot.plt       0x20000078        0x0 load address 0x08010184
 .igot.plt      0x20000078        0x0 c:/gcc_toolchain/6_2017-q1-update/bin/../lib/gcc/arm-none-eabi/6.3.1/thumb/v7e-m/fpv5-sp/hard/crtbegin.o
                0x20000078                . = ALIGN (0x4)

.bss            0x20000078     0xb284 load address 0x08010184
                0x20000078                _sbss = .
                0x20000078                __bss_start__ = _sbss
 *(.bss)
 .bss           0x20000078       0x1c c:/gcc_toolchain/6_2017-q1-update/bin/../lib/gcc/arm-none-eabi/6.3.1/thumb/v7e-m/fpv5-sp/hard/crtbegin.o
 *(.bss*)
 .bss.s_xSemaphore
                0x20000094        0x4 build/ethernetif.o
                0x20000094                s_xSemaphore